Archive member included to satisfy reference by file (symbol)

c:/Users/Adam/Source/Repos/gbiloader/lib\libpng.a(png.o)
                              pngu.o (png_get_io_ptr)
c:/Users/Adam/Source/Repos/gbiloader/lib\libpng.a(pngerror.o)
                              c:/Users/Adam/Source/Repos/gbiloader/lib\libpng.a(png.o) (png_warning)
c:/Users/Adam/Source/Repos/gbiloader/lib\libpng.a(pngget.o)
                              pngu.o (png_get_rowbytes)
c:/Users/Adam/Source/Repos/gbiloader/lib\libpng.a(pngmem.o)
                              c:/Users/Adam/Source/Repos/gbiloader/lib\libpng.a(png.o) (png_free)
c:/Users/Adam/Source/Repos/gbiloader/lib\libpng.a(pngread.o)
                              pngu.o (png_destroy_read_struct)
c:/Users/Adam/Source/Repos/gbiloader/lib\libpng.a(pngrio.o)
                              pngu.o (png_set_read_fn)
c:/Users/Adam/Source/Repos/gbiloader/lib\libpng.a(pngrtran.o)
                              pngu.o (png_set_strip_16)
c:/Users/Adam/Source/Repos/gbiloader/lib\libpng.a(pngrutil.o)
                              c:/Users/Adam/Source/Repos/gbiloader/lib\libpng.a(pngread.o) (png_get_uint_31)
c:/Users/Adam/Source/Repos/gbiloader/lib\libpng.a(pngset.o)
                              c:/Users/Adam/Source/Repos/gbiloader/lib\libpng.a(pngrutil.o) (png_set_oFFs)
c:/Users/Adam/Source/Repos/gbiloader/lib\libpng.a(pngtrans.o)
                              c:/Users/Adam/Source/Repos/gbiloader/lib\libpng.a(pngread.o) (png_set_bgr)
c:/Users/Adam/Source/Repos/gbiloader/lib\libpng.a(pngwio.o)
                              pngu.o (png_set_write_fn)
c:/Users/Adam/Source/Repos/gbiloader/lib\libpng.a(pngwrite.o)
                              pngu.o (png_destroy_write_struct)
c:/Users/Adam/Source/Repos/gbiloader/lib\libpng.a(pngwtran.o)
                              c:/Users/Adam/Source/Repos/gbiloader/lib\libpng.a(pngwrite.o) (png_do_write_intrapixel)
c:/Users/Adam/Source/Repos/gbiloader/lib\libpng.a(pngwutil.o)
                              c:/Users/Adam/Source/Repos/gbiloader/lib\libpng.a(pngwrite.o) (png_do_write_interlace)
c:/devkitPro/libogc/lib/cube\libz.a(crc32.o)
                              c:/Users/Adam/Source/Repos/gbiloader/lib\libpng.a(png.o) (crc32)
c:/devkitPro/libogc/lib/cube\libz.a(deflate.o)
                              c:/Users/Adam/Source/Repos/gbiloader/lib\libpng.a(pngwutil.o) (deflateReset)
c:/devkitPro/libogc/lib/cube\libz.a(inflate.o)
                              c:/Users/Adam/Source/Repos/gbiloader/lib\libpng.a(png.o) (inflateReset)
c:/devkitPro/libogc/lib/cube\libz.a(inftrees.o)
                              c:/devkitPro/libogc/lib/cube\libz.a(inflate.o) (inflate_table)
c:/devkitPro/libogc/lib/cube\libz.a(trees.o)
                              c:/devkitPro/libogc/lib/cube\libz.a(deflate.o) (_tr_init)
c:/devkitPro/libogc/lib/cube\libz.a(zutil.o)
                              c:/devkitPro/libogc/lib/cube\libz.a(deflate.o) (zcalloc)
c:/devkitPro/libogc/lib/cube\libz.a(adler32.o)
                              c:/devkitPro/libogc/lib/cube\libz.a(deflate.o) (adler32)
c:/devkitPro/libogc/lib/cube\libz.a(inffast.o)
                              c:/devkitPro/libogc/lib/cube\libz.a(inflate.o) (inflate_fast)
c:/devkitPro/libogc/lib/cube\libogc.a(console.o)
                              main.o (CON_Init)
c:/devkitPro/libogc/lib/cube\libogc.a(lwp_threads.o)
                              sidestep.o (__lwp_thread_stopmultitasking)
c:/devkitPro/libogc/lib/cube\libogc.a(lwp_handler.o)
                              c:/devkitPro/libogc/lib/cube\libogc.a(lwp_threads.o) (_cpu_context_save_fp)
c:/devkitPro/libogc/lib/cube\libogc.a(lwp_stack.o)
                              c:/devkitPro/libogc/lib/cube\libogc.a(lwp_threads.o) (__lwp_stack_allocate)
c:/devkitPro/libogc/lib/cube\libogc.a(lwp_watchdog.o)
                              c:/devkitPro/libogc/lib/cube\libogc.a(lwp_threads.o) (_wd_ticks_queue)
c:/devkitPro/libogc/lib/cube\libogc.a(lwp_wkspace.o)
                              c:/devkitPro/libogc/lib/cube\libogc.a(lwp_stack.o) (__wkspace_heap)
c:/devkitPro/libogc/lib/cube\libogc.a(lwp_objmgr.o)
                              c:/devkitPro/libogc/lib/cube\libogc.a(lwp_threads.o) (__lwp_objmgr_free)
c:/devkitPro/libogc/lib/cube\libogc.a(lwp_heap.o)
                              c:/devkitPro/libogc/lib/cube\libogc.a(lwp_wkspace.o) (__lwp_heap_init)
c:/devkitPro/libogc/lib/cube\libogc.a(sys_state.o)
                              c:/devkitPro/libogc/lib/cube\libogc.a(lwp_threads.o) (_sys_state_curr)
c:/devkitPro/libogc/lib/cube\libogc.a(video.o)
                              c:/devkitPro/libogc/lib/cube\libogc.a(console.o) (VIDEO_GetCurrentFramebuffer)
c:/devkitPro/libogc/lib/cube\libogc.a(pad.o)
                              main.o (PAD_Init)
c:/devkitPro/libogc/lib/cube\libogc.a(cache_asm.o)
                              ssaram.o (DCInvalidateRange)
c:/devkitPro/libogc/lib/cube\libogc.a(system.o)
[...]
Memory Configuration

Name             Origin             Length             Attributes
*default*        0x00000000         0xffffffff

Linker script and memory map

                0x80003100                . = 0x80003100

.init           0x80f00000      0x194
 *crt0.o(*.init)
 .init          0x80f00000      0x170 c:/devkitPro/libogc/lib/cube\libogc.a(ogc_crt0.o)
                0x80f00000                _start
                0x80f00140                _memset
 *(.init)
 .init          0x80f00170        0xc c:/devkitpro/devkitppc/bin/../lib/gcc/powerpc-eabi/6.3.0/ecrti.o
                0x80f00170                __init
 .init          0x80f0017c        0x4 c:/devkitpro/devkitppc/bin/../lib/gcc/powerpc-eabi/6.3.0/crtbegin.o
 .init          0x80f00180        0x4 c:/devkitpro/devkitppc/bin/../lib/gcc/powerpc-eabi/6.3.0/crtend.o
 .init          0x80f00184       0x10 c:/devkitpro/devkitppc/bin/../lib/gcc/powerpc-eabi/6.3.0/ecrtn.o

.rela.dyn       0x80f00194        0x0
 .rela.iplt     0x80f00194        0x0 c:/devkitpro/devkitppc/bin/../lib/gcc/powerpc-eabi/6.3.0/crtbegin.o

.plt
 *(.plt)

.interp
 *(.interp)

.hash
 *(.hash)

.dynsym
 *(.dynsym)

.dynstr
 *(.dynstr)

.gnu.version
 *(.gnu.version)

.gnu.version_d
 *(.gnu.version_d)

.gnu.version_r
 *(.gnu.version_r)

.rel.init
 *(.rel.init)

.rela.init      0x80f00194        0x0
 *(.rela.init)
 .rela.init     0x80f00194        0x0 c:/devkitpro/devkitppc/bin/../lib/gcc/powerpc-eabi/6.3.0/crtbegin.o

.rel.text
 *(.rel.text .rel.text.* .rel.gnu.linkonce.t.*)

.rela.text      0x80f00194        0x0
 *(.rela.text .rela.text.* .rela.gnu.linkonce.t.*)
 .rela.text.deregister_tm_clones
                0x80f00194        0x0 c:/devkitpro/devkitppc/bin/../lib/gcc/powerpc-eabi/6.3.0/crtbegin.o
 .rela.text.register_tm_clones
                0x80f00194        0x0 c:/devkitpro/devkitppc/bin/../lib/gcc/powerpc-eabi/6.3.0/crtbegin.o
 .rela.text.__do_global_dtors_aux
                0x80f00194        0x0 c:/devkitpro/devkitppc/bin/../lib/gcc/powerpc-eabi/6.3.0/crtbegin.o
 .rela.text.frame_dummy
                0x80f00194        0x0 c:/devkitpro/devkitppc/bin/../lib/gcc/powerpc-eabi/6.3.0/crtbegin.o
 .rela.text.readparseconf
                0x80f00194        0x0 c:/devkitpro/devkitppc/bin/../lib/gcc/powerpc-eabi/6.3.0/crtbegin.o
 .rela.text.startup.main
                0x80f00194        0x0 c:/devkitpro/devkitppc/bin/../lib/gcc/powerpc-eabi/6.3.0/crtbegin.o
 .rela.text     0x80f00194        0x0 c:/devkitpro/devkitppc/bin/../lib/gcc/powerpc-eabi/6.3.0/crtbegin.o
 .rela.text.__console_init
                0x80f00194        0x0 c:/devkitpro/devkitppc/bin/../lib/gcc/powerpc-eabi/6.3.0/crtbegin.o
 .rela.text.__console_init_ex
                0x80f00194        0x0 c:/devkitpro/devkitppc/bin/../lib/gcc/powerpc-eabi/6.3.0/crtbegin.o
 .rela.text.CON_EnableGecko
                0x80f00194        0x0 c:/devkitpro/devkitppc/bin/../lib/gcc/powerpc-eabi/6.3.0/crtbegin.o
 .rela.text.__lwp_rotate_readyqueue
                0x80f00194        0x0 c:/devkitpro/devkitppc/bin/../lib/gcc/powerpc-eabi/6.3.0/crtbegin.o
 .rela.text.__lwp_thread_tickle_timeslice
                0x80f00194        0x0 c:/devkitpro/devkitppc/bin/../lib/gcc/powerpc-eabi/6.3.0/crtbegin.o
 .rela.text.__lwp_thread_setstate
                0x80f00194        0x0 c:/devkitpro/devkitppc/bin/../lib/gcc/powerpc-eabi/6.3.0/crtbegin.o
 .rela.text.__lwp_thread_setpriority
                0x80f00194        0x0 c:/devkitpro/devkitppc/bin/../lib/gcc/powerpc-eabi/6.3.0/crtbegin.o
 .rela.text.__lwp_thread_suspend
                0x80f00194        0x0 c:/devkitpro/devkitppc/bin/../lib/gcc/powerpc-eabi/6.3.0/crtbegin.o
 .rela.text.__lwp_thread_changepriority
                0x80f00194        0x0 c:/devkitpro/devkitppc/bin/../lib/gcc/powerpc-eabi/6.3.0/crtbegin.o
 .rela.text.__lwp_thread_ready
                0x80f00194        0x0 c:/devkitpro/devkitppc/bin/../lib/gcc/powerpc-eabi/6.3.0/crtbegin.o
 .rela.text.__lwp_thread_init
                0x80f00194        0x0 c:/devkitpro/devkitppc/bin/../lib/gcc/powerpc-eabi/6.3.0/crtbegin.o
 .rela.text.__lwp_thread_close
                0x80f00194        0x0 c:/devkitpro/devkitppc/bin/../lib/gcc/powerpc-eabi/6.3.0/crtbegin.o
 .rela.text.__lwp_thread_closeall
                0x80f00194        0x0 c:/devkitpro/devkitppc/bin/../lib/gcc/powerpc-eabi/6.3.0/crtbegin.o
 .rela.text.__lwp_thread_startmultitasking
                0x80f00194        0x0 c:/devkitpro/devkitppc/bin/../lib/gcc/powerpc-eabi/6.3.0/crtbegin.o
 .rela.text.__lwp_thread_stopmultitasking
                0x80f00194        0x0 c:/devkitpro/devkitppc/bin/../lib/gcc/powerpc-eabi/6.3.0/crtbegin.o
 .rela.text.__lwp_thread_coreinit
                0x80f00194        0x0 c:/devkitpro/devkitppc/bin/../lib/gcc/powerpc-eabi/6.3.0/crtbegin.o
 .rela.text.__lwp_stack_allocate
                0x80f00194        0x0 c:/devkitpro/devkitppc/bin/../lib/gcc/powerpc-eabi/6.3.0/crtbegin.o
 .rela.text.__lwp_stack_free
                0x80f00194        0x0 c:/devkitpro/devkitppc/bin/../lib/gcc/powerpc-eabi/6.3.0/crtbegin.o
 .rela.text.__lwp_watchdog_init
                0x80f00194        0x0 c:/devkitpro/devkitppc/bin/../lib/gcc/powerpc-eabi/6.3.0/crtbegin.o
 .rela.text.__lwp_wd_tickle
                0x80f00194        0x0 c:/devkitpro/devkitppc/bin/../lib/gcc/powerpc-eabi/6.3.0/crtbegin.o
 .rela.text.__lwp_wkspace_heapfree
                0x80f00194        0x0 c:/devkitpro/devkitppc/bin/../lib/gcc/powerpc-eabi/6.3.0/crtbegin.o
 .rela.text.__lwp_wkspace_heapused
                0x80f00194        0x0 c:/devkitpro/devkitppc/bin/../lib/gcc/powerpc-eabi/6.3.0/crtbegin.o
 .rela.text.__lwp_wkspace_init
                0x80f00194        0x0 c:/devkitpro/devkitppc/bin/../lib/gcc/powerpc-eabi/6.3.0/crtbegin.o
 .rela.text.__lwp_objmgr_initinfo
                0x80f00194        0x0 c:/devkitpro/devkitppc/bin/../lib/gcc/powerpc-eabi/6.3.0/crtbegin.o
 .rela.text.__call_resetfuncs
                0x80f00194        0x0 c:/devkitpro/devkitppc/bin/../lib/gcc/powerpc-eabi/6.3.0/crtbegin.o
 .rela.text.__unlocksram
                0x80f00194        0x0 c:/devkitpro/devkitppc/bin/../lib/gcc/powerpc-eabi/6.3.0/crtbegin.o
 .rela.text.__sram_writecallback
                0x80f00194        0x0 c:/devkitpro/devkitppc/bin/../lib/gcc/powerpc-eabi/6.3.0/crtbegin.o
 .rela.text.__sys_alarmhandler
                0x80f00194        0x0 c:/devkitpro/devkitppc/bin/../lib/gcc/powerpc-eabi/6.3.0/crtbegin.o
 .rela.text.__sram_read.constprop.10
                0x80f00194        0x0 c:/devkitpro/devkitppc/bin/../lib/gcc/powerpc-eabi/6.3.0/crtbegin.o
 .rela.text.__sram_init
                0x80f00194        0x0 c:/devkitpro/devkitppc/bin/../lib/gcc/powerpc-eabi/6.3.0/crtbegin.o
 .rela.text.__SYS_LockSram
                0x80f00194        0x0 c:/devkitpro/devkitppc/bin/../lib/gcc/powerpc-eabi/6.3.0/crtbegin.o
 .rela.text.__SYS_LockSramEx
                0x80f00194        0x0 c:/devkitpro/devkitppc/bin/../lib/gcc/powerpc-eabi/6.3.0/crtbegin.o
 .rela.text.__SYS_SyncSram
                0x80f00194        0x0 c:/devkitpro/devkitppc/bin/../lib/gcc/powerpc-eabi/6.3.0/crtbegin.o
 .rela.text.__SYS_SetBootTime
                0x80f00194        0x0 c:/devkitpro/devkitppc/bin/../lib/gcc/powerpc-eabi/6.3.0/crtbegin.o
 .rela.text.SYS_ResetSystem
                0x80f00194        0x0 c:/devkitpro/devkitppc/bin/../lib/gcc/powerpc-eabi/6.3.0/crtbegin.o
 .rela.text.SYS_Init
                0x80f00194        0x0 c:/devkitpro/devkitppc/bin/../lib/gcc/powerpc-eabi/6.3.0/crtbegin.o
 .rela.text.SYS_SetAlarm
                0x80f00194        0x0 c:/devkitpro/devkitppc/bin/../lib/gcc/powerpc-eabi/6.3.0/crtbegin.o
 .rela.text.SYS_SetPeriodicAlarm
                0x80f00194        0x0 c:/devkitpro/devkitppc/bin/../lib/gcc/powerpc-eabi/6.3.0/crtbegin.o
 .rela.text.SYS_RemoveAlarm
                0x80f00194        0x0 c:/devkitpro/devkitppc/bin/../lib/gcc/powerpc-eabi/6.3.0/crtbegin.o
 .rela.text.SYS_CancelAlarm
                0x80f00194        0x0 c:/devkitpro/devkitppc/bin/../lib/gcc/powerpc-eabi/6.3.0/crtbegin.o
 .rela.text.SYS_SetWirelessID
                0x80f00194        0x0 c:/devkitpro/devkitppc/bin/../lib/gcc/powerpc-eabi/6.3.0/crtbegin.o
 .rela.text.SYS_GetWirelessID
                0x80f00194        0x0 c:/devkitpro/devkitppc/bin/../lib/gcc/powerpc-eabi/6.3.0/crtbegin.o
 .rela.text.SYS_Time
                0x80f00194        0x0 c:/devkitpro/devkitppc/bin/../lib/gcc/powerpc-eabi/6.3.0/crtbegin.o
 .rela.text.__lwp_cond_waitsupp.constprop.4
                0x80f00194        0x0 c:/devkitpro/devkitppc/bin/../lib/gcc/powerpc-eabi/6.3.0/crtbegin.o
 .rela.text.__lwp_cond_signalsupp
                0x80f00194        0x0 c:/devkitpro/devkitppc/bin/../lib/gcc/powerpc-eabi/6.3.0/crtbegin.o
 .rela.text.__lwp_cond_init
                0x80f00194        0x0 c:/devkitpro/devkitppc/bin/../lib/gcc/powerpc-eabi/6.3.0/crtbegin.o
 .rela.text.LWP_CondInit
                0x80f00194        0x0 c:/devkitpro/devkitppc/bin/../lib/gcc/powerpc-eabi/6.3.0/crtbegin.o
 .rela.text.LWP_CondDestroy
                0x80f00194        0x0 c:/devkitpro/devkitppc/bin/../lib/gcc/powerpc-eabi/6.3.0/crtbegin.o
 .rela.text.__GXDefTlutRegionCallback
                0x80f00194        0x0 c:/devkitpro/devkitppc/bin/../lib/gcc/powerpc-eabi/6.3.0/crtbegin.o
 .rela.text.__SetSURegs
                0x80f00194        0x0 c:/devkitpro/devkitppc/bin/../lib/gcc/powerpc-eabi/6.3.0/crtbegin.o
 .rela.text.__GXCPInterruptHandler
                0x80f00194        0x0 c:/devkitpro/devkitppc/bin/../lib/gcc/powerpc-eabi/6.3.0/crtbegin.o
 .rela.text.GX_SetTexCoordGen2.part.5
                0x80f00194        0x0 c:/devkitpro/devkitppc/bin/../lib/gcc/powerpc-eabi/6.3.0/crtbegin.o
 .rela.text.__GXDefTexRegionCallback
                0x80f00194        0x0 c:/devkitpro/devkitppc/bin/../lib/gcc/powerpc-eabi/6.3.0/crtbegin.o
 .rela.text.__GX_SetDirtyState
                0x80f00194        0x0 c:/devkitpro/devkitppc/bin/../lib/gcc/powerpc-eabi/6.3.0/crtbegin.o
 .rela.text.GX_SetCPUFifo
                0x80f00194        0x0 c:/devkitpro/devkitppc/bin/../lib/gcc/powerpc-eabi/6.3.0/crtbegin.o
 .rela.text.GX_SetGPFifo
                0x80f00194        0x0 c:/devkitpro/devkitppc/bin/../lib/gcc/powerpc-eabi/6.3.0/crtbegin.o
 .rela.text.GX_RestoreWriteGatherPipe
                0x80f00194        0x0 c:/devkitpro/devkitppc/bin/../lib/gcc/powerpc-eabi/6.3.0/crtbegin.o
 .rela.text.GX_Flush
                0x80f00194        0x0 c:/devkitpro/devkitppc/bin/../lib/gcc/powerpc-eabi/6.3.0/crtbegin.o
 .rela.text.GX_RedirectWriteGatherPipe
                0x80f00194        0x0 c:/devkitpro/devkitppc/bin/../lib/gcc/powerpc-eabi/6.3.0/crtbegin.o
 .rela.text.GX_EnableBreakPt
                0x80f00194        0x0 c:/devkitpro/devkitppc/bin/../lib/gcc/powerpc-eabi/6.3.0/crtbegin.o
 .rela.text.GX_DisableBreakPt
                0x80f00194        0x0 c:/devkitpro/devkitppc/bin/../lib/gcc/powerpc-eabi/6.3.0/crtbegin.o
 .rela.text.GX_AbortFrame
                0x80f00194        0x0 c:/devkitpro/devkitppc/bin/../lib/gcc/powerpc-eabi/6.3.0/crtbegin.o
 .rela.text.GX_PixModeSync
                0x80f00194        0x0 c:/devkitpro/devkitppc/bin/../lib/gcc/powerpc-eabi/6.3.0/crtbegin.o
 .rela.text.GX_SetMisc
                0x80f00194        0x0 c:/devkitpro/devkitppc/bin/../lib/gcc/powerpc-eabi/6.3.0/crtbegin.o
 .rela.text.GX_SetCopyClamp
                0x80f00194        0x0 c:/devkitpro/devkitppc/bin/../lib/gcc/powerpc-eabi/6.3.0/crtbegin.o
 .rela.text.GX_SetDispCopyGamma
                0x80f00194        0x0 c:/devkitpro/devkitppc/bin/../lib/gcc/powerpc-eabi/6.3.0/crtbegin.o
 .rela.text.GX_SetDispCopyFrame2Field
                0x80f00194        0x0 c:/devkitpro/devkitppc/bin/../lib/gcc/powerpc-eabi/6.3.0/crtbegin.o
 .rela.text.GX_SetDispCopyYScale
                0x80f00194        0x0 c:/devkitpro/devkitppc/bin/../lib/gcc/powerpc-eabi/6.3.0/crtbegin.o
 .rela.text.GX_SetDispCopyDst
                0x80f00194        0x0 c:/devkitpro/devkitppc/bin/../lib/gcc/powerpc-eabi/6.3.0/crtbegin.o
 .rela.text.GX_SetDispCopySrc
                0x80f00194        0x0 c:/devkitpro/devkitppc/bin/../lib/gcc/powerpc-eabi/6.3.0/crtbegin.o
 .rela.text.GX_CopyDisp
                0x80f00194        0x0 c:/devkitpro/devkitppc/bin/../lib/gcc/powerpc-eabi/6.3.0/crtbegin.o
 .rela.text.GX_CopyTex
                0x80f00194        0x0 c:/devkitpro/devkitppc/bin/../lib/gcc/powerpc-eabi/6.3.0/crtbegin.o
 .rela.text.GX_SetTexCopySrc
                0x80f00194        0x0 c:/devkitpro/devkitppc/bin/../lib/gcc/powerpc-eabi/6.3.0/crtbegin.o
 .rela.text.GX_SetTexCopyDst
                0x80f00194        0x0 c:/devkitpro/devkitppc/bin/../lib/gcc/powerpc-eabi/6.3.0/crtbegin.o
 .rela.text.GX_BeginDispList
                0x80f00194        0x0 c:/devkitpro/devkitppc/bin/../lib/gcc/powerpc-eabi/6.3.0/crtbegin.o
 .rela.text.GX_EndDispList
                0x80f00194        0x0 c:/devkitpro/devkitppc/bin/../lib/gcc/powerpc-eabi/6.3.0/crtbegin.o
 .rela.text.GX_CallDispList
                0x80f00194        0x0 c:/devkitpro/devkitppc/bin/../lib/gcc/powerpc-eabi/6.3.0/crtbegin.o
 .rela.text.GX_SetChanCtrl
                0x80f00194        0x0 c:/devkitpro/devkitppc/bin/../lib/gcc/powerpc-eabi/6.3.0/crtbegin.o
 .rela.text.GX_SetChanAmbColor
                0x80f00194        0x0 c:/devkitpro/devkitppc/bin/../lib/gcc/powerpc-eabi/6.3.0/crtbegin.o
 .rela.text.GX_SetChanMatColor
                0x80f00194        0x0 c:/devkitpro/devkitppc/bin/../lib/gcc/powerpc-eabi/6.3.0/crtbegin.o
 .rela.text.GX_SetVtxDesc
                0x80f00194        0x0 c:/devkitpro/devkitppc/bin/../lib/gcc/powerpc-eabi/6.3.0/crtbegin.o
 .rela.text.GX_SetVtxDescv
                0x80f00194        0x0 c:/devkitpro/devkitppc/bin/../lib/gcc/powerpc-eabi/6.3.0/crtbegin.o
 .rela.text.GX_GetVtxDescv
                0x80f00194        0x0 c:/devkitpro/devkitppc/bin/../lib/gcc/powerpc-eabi/6.3.0/crtbegin.o
 .rela.text.GX_SetVtxAttrFmt
                0x80f00194        0x0 c:/devkitpro/devkitppc/bin/../lib/gcc/powerpc-eabi/6.3.0/crtbegin.o
 .rela.text.GX_SetVtxAttrFmtv
                0x80f00194        0x0 c:/devkitpro/devkitppc/bin/../lib/gcc/powerpc-eabi/6.3.0/crtbegin.o
 .rela.text.GX_Begin
                0x80f00194        0x0 c:/devkitpro/devkitppc/bin/../lib/gcc/powerpc-eabi/6.3.0/crtbegin.o
 .rela.text.GX_SetCurrentMtx
                0x80f00194        0x0 c:/devkitpro/devkitppc/bin/../lib/gcc/powerpc-eabi/6.3.0/crtbegin.o
 .rela.text.GX_SetNumTexGens
                0x80f00194        0x0 c:/devkitpro/devkitppc/bin/../lib/gcc/powerpc-eabi/6.3.0/crtbegin.o
 .rela.text.GX_SetZMode
                0x80f00194        0x0 c:/devkitpro/devkitppc/bin/../lib/gcc/powerpc-eabi/6.3.0/crtbegin.o
 .rela.text.GX_LoadTexObjPreloaded
                0x80f00194        0x0 c:/devkitpro/devkitppc/bin/../lib/gcc/powerpc-eabi/6.3.0/crtbegin.o
 .rela.text.GX_PreloadEntireTexture
                0x80f00194        0x0 c:/devkitpro/devkitppc/bin/../lib/gcc/powerpc-eabi/6.3.0/crtbegin.o
 .rela.text.GX_InvalidateTexAll
                0x80f00194        0x0 c:/devkitpro/devkitppc/bin/../lib/gcc/powerpc-eabi/6.3.0/crtbegin.o
 .rela.text.GX_InvalidateTexRegion
                0x80f00194        0x0 c:/devkitpro/devkitppc/bin/../lib/gcc/powerpc-eabi/6.3.0/crtbegin.o
 .rela.text.GX_LoadTlut
                0x80f00194        0x0 c:/devkitpro/devkitppc/bin/../lib/gcc/powerpc-eabi/6.3.0/crtbegin.o
 .rela.text.GX_SetTexCoordScaleManually
                0x80f00194        0x0 c:/devkitpro/devkitppc/bin/../lib/gcc/powerpc-eabi/6.3.0/crtbegin.o
 .rela.text.GX_SetTexCoordCylWrap
                0x80f00194        0x0 c:/devkitpro/devkitppc/bin/../lib/gcc/powerpc-eabi/6.3.0/crtbegin.o
 .rela.text.GX_SetTexCoordBias
                0x80f00194        0x0 c:/devkitpro/devkitppc/bin/../lib/gcc/powerpc-eabi/6.3.0/crtbegin.o
 .rela.text.GX_SetBlendMode
                0x80f00194        0x0 c:/devkitpro/devkitppc/bin/../lib/gcc/powerpc-eabi/6.3.0/crtbegin.o
 .rela.text.GX_ClearVtxDesc
                0x80f00194        0x0 c:/devkitpro/devkitppc/bin/../lib/gcc/powerpc-eabi/6.3.0/crtbegin.o
 .rela.text.GX_SetLineWidth
                0x80f00194        0x0 c:/devkitpro/devkitppc/bin/../lib/gcc/powerpc-eabi/6.3.0/crtbegin.o
 .rela.text.GX_SetPointSize
                0x80f00194        0x0 c:/devkitpro/devkitppc/bin/../lib/gcc/powerpc-eabi/6.3.0/crtbegin.o
 .rela.text.GX_SetTevColorIn
                0x80f00194        0x0 c:/devkitpro/devkitppc/bin/../lib/gcc/powerpc-eabi/6.3.0/crtbegin.o
 .rela.text.GX_SetTevAlphaIn
                0x80f00194        0x0 c:/devkitpro/devkitppc/bin/../lib/gcc/powerpc-eabi/6.3.0/crtbegin.o
 .rela.text.GX_SetTevColorOp
                0x80f00194        0x0 c:/devkitpro/devkitppc/bin/../lib/gcc/powerpc-eabi/6.3.0/crtbegin.o
 .rela.text.GX_SetTevAlphaOp
                0x80f00194        0x0 c:/devkitpro/devkitppc/bin/../lib/gcc/powerpc-eabi/6.3.0/crtbegin.o
 .rela.text.GX_SetTevOp
                0x80f00194        0x0 c:/devkitpro/devkitppc/bin/../lib/gcc/powerpc-eabi/6.3.0/crtbegin.o
 .rela.text.GX_SetCullMode
                0x80f00194        0x0 c:/devkitpro/devkitppc/bin/../lib/gcc/powerpc-eabi/6.3.0/crtbegin.o
 .rela.text.GX_SetCoPlanar
                0x80f00194        0x0 c:/devkitpro/devkitppc/bin/../lib/gcc/powerpc-eabi/6.3.0/crtbegin.o
 .rela.text.GX_EnableTexOffsets
                0x80f00194        0x0 c:/devkitpro/devkitppc/bin/../lib/gcc/powerpc-eabi/6.3.0/crtbegin.o
 .rela.text.GX_SetScissor
                0x80f00194        0x0 c:/devkitpro/devkitppc/bin/../lib/gcc/powerpc-eabi/6.3.0/crtbegin.o
 .rela.text.GX_SetNumChans
                0x80f00194        0x0 c:/devkitpro/devkitppc/bin/../lib/gcc/powerpc-eabi/6.3.0/crtbegin.o
 .rela.text.GX_SetTevOrder
                0x80f00194        0x0 c:/devkitpro/devkitppc/bin/../lib/gcc/powerpc-eabi/6.3.0/crtbegin.o
 .rela.text.GX_SetNumTevStages
                0x80f00194        0x0 c:/devkitpro/devkitppc/bin/../lib/gcc/powerpc-eabi/6.3.0/crtbegin.o
 .rela.text.GX_SetTevKColorSel
                0x80f00194        0x0 c:/devkitpro/devkitppc/bin/../lib/gcc/powerpc-eabi/6.3.0/crtbegin.o
 .rela.text.GX_SetTevKAlphaSel
                0x80f00194        0x0 c:/devkitpro/devkitppc/bin/../lib/gcc/powerpc-eabi/6.3.0/crtbegin.o
 .rela.text.GX_SetTevSwapMode
                0x80f00194        0x0 c:/devkitpro/devkitppc/bin/../lib/gcc/powerpc-eabi/6.3.0/crtbegin.o
 .rela.text.GX_SetTevSwapModeTable
                0x80f00194        0x0 c:/devkitpro/devkitppc/bin/../lib/gcc/powerpc-eabi/6.3.0/crtbegin.o
 .rela.text.GX_SetNumIndStages
                0x80f00194        0x0 c:/devkitpro/devkitppc/bin/../lib/gcc/powerpc-eabi/6.3.0/crtbegin.o
 .rela.text.GX_SetIndTexCoordScale
                0x80f00194        0x0 c:/devkitpro/devkitppc/bin/../lib/gcc/powerpc-eabi/6.3.0/crtbegin.o
 .rela.text.GX_SetColorUpdate
                0x80f00194        0x0 c:/devkitpro/devkitppc/bin/../lib/gcc/powerpc-eabi/6.3.0/crtbegin.o
 .rela.text.GX_SetAlphaUpdate
                0x80f00194        0x0 c:/devkitpro/devkitppc/bin/../lib/gcc/powerpc-eabi/6.3.0/crtbegin.o
 .rela.text.GX_SetZCompLoc
                0x80f00194        0x0 c:/devkitpro/devkitppc/bin/../lib/gcc/powerpc-eabi/6.3.0/crtbegin.o
 .rela.text.GX_SetPixelFmt
                0x80f00194        0x0 c:/devkitpro/devkitppc/bin/../lib/gcc/powerpc-eabi/6.3.0/crtbegin.o
 .rela.text.GX_SetDither
                0x80f00194        0x0 c:/devkitpro/devkitppc/bin/../lib/gcc/powerpc-eabi/6.3.0/crtbegin.o
 .rela.text.GX_SetDstAlpha
                0x80f00194        0x0 c:/devkitpro/devkitppc/bin/../lib/gcc/powerpc-eabi/6.3.0/crtbegin.o
 .rela.text.GX_SetFieldMode
                0x80f00194        0x0 c:/devkitpro/devkitppc/bin/../lib/gcc/powerpc-eabi/6.3.0/crtbegin.o
 .rela.text.GX_SetIndTexOrder
                0x80f00194        0x0 c:/devkitpro/devkitppc/bin/../lib/gcc/powerpc-eabi/6.3.0/crtbegin.o
 .rela.text.GX_SetGPMetric
                0x80f00194        0x0 c:/devkitpro/devkitppc/bin/../lib/gcc/powerpc-eabi/6.3.0/crtbegin.o
 .rela.text.GX_Init
                0x80f00194        0x0 c:/devkitpro/devkitppc/bin/../lib/gcc/powerpc-eabi/6.3.0/crtbegin.o
 .rela.text.GX_ReadGPMetric
                0x80f00194        0x0 c:/devkitpro/devkitppc/bin/../lib/gcc/powerpc-eabi/6.3.0/crtbegin.o
 .rela.text.c_decrementer_handler
                0x80f00194        0x0 c:/devkitpro/devkitppc/bin/../lib/gcc/powerpc-eabi/6.3.0/crtbegin.o
 .rela.text.__lwp_mqbox_init
                0x80f00194        0x0 c:/devkitpro/devkitppc/bin/../lib/gcc/powerpc-eabi/6.3.0/crtbegin.o
 .rela.text.MQ_Init
                0x80f00194        0x0 c:/devkitpro/devkitppc/bin/../lib/gcc/powerpc-eabi/6.3.0/crtbegin.o
 .rela.text.MQ_Close
                0x80f00194        0x0 c:/devkitpro/devkitppc/bin/../lib/gcc/powerpc-eabi/6.3.0/crtbegin.o
 .rela.text.MQ_Send
                0x80f00194        0x0 c:/devkitpro/devkitppc/bin/../lib/gcc/powerpc-eabi/6.3.0/crtbegin.o
 .rela.text.MQ_Receive
                0x80f00194        0x0 c:/devkitpro/devkitppc/bin/../lib/gcc/powerpc-eabi/6.3.0/crtbegin.o
 .rela.text.MQ_Jam
                0x80f00194        0x0 c:/devkitpro/devkitppc/bin/../lib/gcc/powerpc-eabi/6.3.0/crtbegin.o
 .rela.text.nanosleep
                0x80f00194        0x0 c:/devkitpro/devkitppc/bin/../lib/gcc/powerpc-eabi/6.3.0/crtbegin.o
 .rela.text.__libc_delete_hook
                0x80f00194        0x0 c:/devkitpro/devkitppc/bin/../lib/gcc/powerpc-eabi/6.3.0/crtbegin.o
 .rela.text.__libc_init
                0x80f00194        0x0 c:/devkitpro/devkitppc/bin/../lib/gcc/powerpc-eabi/6.3.0/crtbegin.o
 .rela.text.__libc_wrapup
                0x80f00194        0x0 c:/devkitpro/devkitppc/bin/../lib/gcc/powerpc-eabi/6.3.0/crtbegin.o
 .rela.text.__CheckARGV
                0x80f00194        0x0 c:/devkitpro/devkitppc/bin/../lib/gcc/powerpc-eabi/6.3.0/crtbegin.o
 .rela.text.__lwp_priority_init
                0x80f00194        0x0 c:/devkitpro/devkitppc/bin/../lib/gcc/powerpc-eabi/6.3.0/crtbegin.o
 .rela.text.__lwp_threadqueue_enqueuefifo
                0x80f00194        0x0 c:/devkitpro/devkitppc/bin/../lib/gcc/powerpc-eabi/6.3.0/crtbegin.o
 .rela.text.__lwp_threadqueue_dequeuefifo
                0x80f00194        0x0 c:/devkitpro/devkitppc/bin/../lib/gcc/powerpc-eabi/6.3.0/crtbegin.o
 .rela.text.__lwp_threadqueue_enqueuepriority
                0x80f00194        0x0 c:/devkitpro/devkitppc/bin/../lib/gcc/powerpc-eabi/6.3.0/crtbegin.o
 .rela.text.__lwp_threadqueue_dequeuepriority
                0x80f00194        0x0 c:/devkitpro/devkitppc/bin/../lib/gcc/powerpc-eabi/6.3.0/crtbegin.o
 .rela.text.__lwp_threadqueue_enqueue
                0x80f00194        0x0 c:/devkitpro/devkitppc/bin/../lib/gcc/powerpc-eabi/6.3.0/crtbegin.o
 .rela.text.__lwp_threadqueue_extractfifo
                0x80f00194        0x0 c:/devkitpro/devkitppc/bin/../lib/gcc/powerpc-eabi/6.3.0/crtbegin.o
 .rela.text.__lwp_threadqueue_extractpriority
                0x80f00194        0x0 c:/devkitpro/devkitppc/bin/../lib/gcc/powerpc-eabi/6.3.0/crtbegin.o
 .rela.text.__lwpmq_initialize
                0x80f00194        0x0 c:/devkitpro/devkitppc/bin/../lib/gcc/powerpc-eabi/6.3.0/crtbegin.o
 .rela.text.__lwpmq_close
                0x80f00194        0x0 c:/devkitpro/devkitppc/bin/../lib/gcc/powerpc-eabi/6.3.0/crtbegin.o
 .rela.text.__lwp_sysinit
                0x80f00194        0x0 c:/devkitpro/devkitppc/bin/../lib/gcc/powerpc-eabi/6.3.0/crtbegin.o
 .rela.text.__lwp_thread_isalive
                0x80f00194        0x0 c:/devkitpro/devkitppc/bin/../lib/gcc/powerpc-eabi/6.3.0/crtbegin.o
 .rela.text.__lwp_thread_exists
                0x80f00194        0x0 c:/devkitpro/devkitppc/bin/../lib/gcc/powerpc-eabi/6.3.0/crtbegin.o
 .rela.text.__lwp_thread_context
                0x80f00194        0x0 c:/devkitpro/devkitppc/bin/../lib/gcc/powerpc-eabi/6.3.0/crtbegin.o
 .rela.text.LWP_CreateThread
                0x80f00194        0x0 c:/devkitpro/devkitppc/bin/../lib/gcc/powerpc-eabi/6.3.0/crtbegin.o
 .rela.text.LWP_SuspendThread
                0x80f00194        0x0 c:/devkitpro/devkitppc/bin/../lib/gcc/powerpc-eabi/6.3.0/crtbegin.o
 .rela.text.LWP_ResumeThread
                0x80f00194        0x0 c:/devkitpro/devkitppc/bin/../lib/gcc/powerpc-eabi/6.3.0/crtbegin.o
 .rela.text.LWP_SetThreadPriority
                0x80f00194        0x0 c:/devkitpro/devkitppc/bin/../lib/gcc/powerpc-eabi/6.3.0/crtbegin.o
 .rela.text.LWP_ThreadIsSuspended
                0x80f00194        0x0 c:/devkitpro/devkitppc/bin/../lib/gcc/powerpc-eabi/6.3.0/crtbegin.o
 .rela.text.LWP_JoinThread
                0x80f00194        0x0 c:/devkitpro/devkitppc/bin/../lib/gcc/powerpc-eabi/6.3.0/crtbegin.o
 .rela.text.LWP_InitQueue
                0x80f00194        0x0 c:/devkitpro/devkitppc/bin/../lib/gcc/powerpc-eabi/6.3.0/crtbegin.o
 .rela.text.LWP_CloseQueue
                0x80f00194        0x0 c:/devkitpro/devkitppc/bin/../lib/gcc/powerpc-eabi/6.3.0/crtbegin.o
 .rela.text.LWP_ThreadSleep
                0x80f00194        0x0 c:/devkitpro/devkitppc/bin/../lib/gcc/powerpc-eabi/6.3.0/crtbegin.o
 .rela.text.LWP_ThreadBroadcast
                0x80f00194        0x0 c:/devkitpro/devkitppc/bin/../lib/gcc/powerpc-eabi/6.3.0/crtbegin.o
 .rela.text.LWP_ThreadSignal
                0x80f00194        0x0 c:/devkitpro/devkitppc/bin/../lib/gcc/powerpc-eabi/6.3.0/crtbegin.o
 .rela.text.__systemcall_init
                0x80f00194        0x0 c:/devkitpro/devkitppc/bin/../lib/gcc/powerpc-eabi/6.3.0/crtbegin.o
 .rela.text.__exception_init
                0x80f00194        0x0 c:/devkitpro/devkitppc/bin/../lib/gcc/powerpc-eabi/6.3.0/crtbegin.o
 .rela.text.__exception_close
                0x80f00194        0x0 c:/devkitpro/devkitppc/bin/../lib/gcc/powerpc-eabi/6.3.0/crtbegin.o
 .rela.text.__exception_sethandler
                0x80f00194        0x0 c:/devkitpro/devkitppc/bin/../lib/gcc/powerpc-eabi/6.3.0/crtbegin.o
 .rela.text.__irq_init
                0x80f00194        0x0 c:/devkitpro/devkitppc/bin/../lib/gcc/powerpc-eabi/6.3.0/crtbegin.o
 .rela.text.__lwp_sema_init
                0x80f00194        0x0 c:/devkitpro/devkitppc/bin/../lib/gcc/powerpc-eabi/6.3.0/crtbegin.o
 .rela.text.LWP_SemInit
                0x80f00194        0x0 c:/devkitpro/devkitppc/bin/../lib/gcc/powerpc-eabi/6.3.0/crtbegin.o
 .rela.text.LWP_SemWait
                0x80f00194        0x0 c:/devkitpro/devkitppc/bin/../lib/gcc/powerpc-eabi/6.3.0/crtbegin.o
 .rela.text.LWP_SemPost
                0x80f00194        0x0 c:/devkitpro/devkitppc/bin/../lib/gcc/powerpc-eabi/6.3.0/crtbegin.o
 .rela.text.LWP_SemDestroy
                0x80f00194        0x0 c:/devkitpro/devkitppc/bin/../lib/gcc/powerpc-eabi/6.3.0/crtbegin.o
 .rela.text.__lwp_mutex_locksupp.constprop.8
                0x80f00194        0x0 c:/devkitpro/devkitppc/bin/../lib/gcc/powerpc-eabi/6.3.0/crtbegin.o
 .rela.text.__lwp_mutex_init
                0x80f00194        0x0 c:/devkitpro/devkitppc/bin/../lib/gcc/powerpc-eabi/6.3.0/crtbegin.o
 .rela.text.LWP_MutexInit
                0x80f00194        0x0 c:/devkitpro/devkitppc/bin/../lib/gcc/powerpc-eabi/6.3.0/crtbegin.o
 .rela.text.LWP_MutexDestroy
                0x80f00194        0x0 c:/devkitpro/devkitppc/bin/../lib/gcc/powerpc-eabi/6.3.0/crtbegin.o
 .rela.text.LWP_MutexUnlock
                0x80f00194        0x0 c:/devkitpro/devkitppc/bin/../lib/gcc/powerpc-eabi/6.3.0/crtbegin.o
 .rela.text.kprintf
                0x80f00194        0x0 c:/devkitpro/devkitppc/bin/../lib/gcc/powerpc-eabi/6.3.0/crtbegin.o
 .rela.text.__card_sd_status
                0x80f00194        0x0 c:/devkitpro/devkitppc/bin/../lib/gcc/powerpc-eabi/6.3.0/crtbegin.o
 .rela.text.__card_readcid
                0x80f00194        0x0 c:/devkitpro/devkitppc/bin/../lib/gcc/powerpc-eabi/6.3.0/crtbegin.o
 .rela.text.__card_readcsd
                0x80f00194        0x0 c:/devkitpro/devkitppc/bin/../lib/gcc/powerpc-eabi/6.3.0/crtbegin.o
 .rela.text.sdgecko_initIO
                0x80f00194        0x0 c:/devkitpro/devkitppc/bin/../lib/gcc/powerpc-eabi/6.3.0/crtbegin.o
 .rela.text.fatUnmount
                0x80f00194        0x0 c:/devkitpro/devkitppc/bin/../lib/gcc/powerpc-eabi/6.3.0/crtbegin.o
 .rela.text.fatInit
                0x80f00194        0x0 c:/devkitpro/devkitppc/bin/../lib/gcc/powerpc-eabi/6.3.0/crtbegin.o
 .rela.text.fatGetVolumeLabel
                0x80f00194        0x0 c:/devkitpro/devkitppc/bin/../lib/gcc/powerpc-eabi/6.3.0/crtbegin.o
 .rela.text.sinef
                0x80f00194        0x0 c:/devkitpro/devkitppc/bin/../lib/gcc/powerpc-eabi/6.3.0/crtbegin.o
 .rela.text.sqrtf
                0x80f00194        0x0 c:/devkitpro/devkitppc/bin/../lib/gcc/powerpc-eabi/6.3.0/crtbegin.o
 .rela.text._exit
                0x80f00194        0x0 c:/devkitpro/devkitppc/bin/../lib/gcc/powerpc-eabi/6.3.0/crtbegin.o
 .rela.text.chdir
                0x80f00194        0x0 c:/devkitpro/devkitppc/bin/../lib/gcc/powerpc-eabi/6.3.0/crtbegin.o
 .rela.text.getcwd
                0x80f00194        0x0 c:/devkitpro/devkitppc/bin/../lib/gcc/powerpc-eabi/6.3.0/crtbegin.o
 .rela.text.calloc
                0x80f00194        0x0 c:/devkitpro/devkitppc/bin/../lib/gcc/powerpc-eabi/6.3.0/crtbegin.o
 .rela.text.__errno
                0x80f00194        0x0 c:/devkitpro/devkitppc/bin/../lib/gcc/powerpc-eabi/6.3.0/crtbegin.o
 .rela.text.exit
                0x80f00194        0x0 c:/devkitpro/devkitppc/bin/../lib/gcc/powerpc-eabi/6.3.0/crtbegin.o
 .rela.text.fclose
                0x80f00194        0x0 c:/devkitpro/devkitppc/bin/../lib/gcc/powerpc-eabi/6.3.0/crtbegin.o
 .rela.text.fflush
                0x80f00194        0x0 c:/devkitpro/devkitppc/bin/../lib/gcc/powerpc-eabi/6.3.0/crtbegin.o
 .rela.text.fgets
                0x80f00194        0x0 c:/devkitpro/devkitppc/bin/../lib/gcc/powerpc-eabi/6.3.0/crtbegin.o
 .rela.text.std.isra.0
                0x80f00194        0x0 c:/devkitpro/devkitppc/bin/../lib/gcc/powerpc-eabi/6.3.0/crtbegin.o
 .rela.text._cleanup
                0x80f00194        0x0 c:/devkitpro/devkitppc/bin/../lib/gcc/powerpc-eabi/6.3.0/crtbegin.o
 .rela.text.__sfp
                0x80f00194        0x0 c:/devkitpro/devkitppc/bin/../lib/gcc/powerpc-eabi/6.3.0/crtbegin.o
 .rela.text.__fp_lock_all
                0x80f00194        0x0 c:/devkitpro/devkitppc/bin/../lib/gcc/powerpc-eabi/6.3.0/crtbegin.o
 .rela.text.__fp_unlock_all
                0x80f00194        0x0 c:/devkitpro/devkitppc/bin/../lib/gcc/powerpc-eabi/6.3.0/crtbegin.o
 .rela.text._fopen_r
                0x80f00194        0x0 c:/devkitpro/devkitppc/bin/../lib/gcc/powerpc-eabi/6.3.0/crtbegin.o
 .rela.text.fopen
                0x80f00194        0x0 c:/devkitpro/devkitppc/bin/../lib/gcc/powerpc-eabi/6.3.0/crtbegin.o
 .rela.text.fprintf
                0x80f00194        0x0 c:/devkitpro/devkitppc/bin/../lib/gcc/powerpc-eabi/6.3.0/crtbegin.o
 .rela.text.fread
                0x80f00194        0x0 c:/devkitpro/devkitppc/bin/../lib/gcc/powerpc-eabi/6.3.0/crtbegin.o
 .rela.text._malloc_trim_r
                0x80f00194        0x0 c:/devkitpro/devkitppc/bin/../lib/gcc/powerpc-eabi/6.3.0/crtbegin.o
 .rela.text._free_r
                0x80f00194        0x0 c:/devkitpro/devkitppc/bin/../lib/gcc/powerpc-eabi/6.3.0/crtbegin.o
 .rela.text.fseek
                0x80f00194        0x0 c:/devkitpro/devkitppc/bin/../lib/gcc/powerpc-eabi/6.3.0/crtbegin.o
 .rela.text._fseeko_r
                0x80f00194        0x0 c:/devkitpro/devkitppc/bin/../lib/gcc/powerpc-eabi/6.3.0/crtbegin.o
 .rela.text.fseeko
                0x80f00194        0x0 c:/devkitpro/devkitppc/bin/../lib/gcc/powerpc-eabi/6.3.0/crtbegin.o
 .rela.text.ftell
                0x80f00194        0x0 c:/devkitpro/devkitppc/bin/../lib/gcc/powerpc-eabi/6.3.0/crtbegin.o
 .rela.text.ftello
                0x80f00194        0x0 c:/devkitpro/devkitppc/bin/../lib/gcc/powerpc-eabi/6.3.0/crtbegin.o
 .rela.text.fwrite
                0x80f00194        0x0 c:/devkitpro/devkitppc/bin/../lib/gcc/powerpc-eabi/6.3.0/crtbegin.o
 .rela.text.gmtime
                0x80f00194        0x0 c:/devkitpro/devkitppc/bin/../lib/gcc/powerpc-eabi/6.3.0/crtbegin.o
 .rela.text.localtime_r
                0x80f00194        0x0 c:/devkitpro/devkitppc/bin/../lib/gcc/powerpc-eabi/6.3.0/crtbegin.o
 .rela.text.__loadlocale
                0x80f00194        0x0 c:/devkitpro/devkitppc/bin/../lib/gcc/powerpc-eabi/6.3.0/crtbegin.o
 .rela.text.mktime
                0x80f00194        0x0 c:/devkitpro/devkitppc/bin/../lib/gcc/powerpc-eabi/6.3.0/crtbegin.o
 .rela.text._strtod_l
                0x80f00194        0x0 c:/devkitpro/devkitppc/bin/../lib/gcc/powerpc-eabi/6.3.0/crtbegin.o
 .rela.text._tzset_unlocked_r
                0x80f00194        0x0 c:/devkitpro/devkitppc/bin/../lib/gcc/powerpc-eabi/6.3.0/crtbegin.o
 .rela.text._dtoa_r
                0x80f00194        0x0 c:/devkitpro/devkitppc/bin/../lib/gcc/powerpc-eabi/6.3.0/crtbegin.o
 .rela.text._findenv_r
                0x80f00194        0x0 c:/devkitpro/devkitppc/bin/../lib/gcc/powerpc-eabi/6.3.0/crtbegin.o

.rel.fini
 *(.rel.fini)

.rela.fini
 *(.rela.fini)

.rel.rodata
 *(.rel.rodata .rel.rodata.* .rel.gnu.linkonce.r.*)

.rela.rodata    0x80f00194        0x0
 *(.rela.rodata .rela.rodata.* .rela.gnu.linkonce.r.*)
 .rela.rodata.main.cst4
                0x80f00194        0x0 c:/devkitpro/devkitppc/bin/../lib/gcc/powerpc-eabi/6.3.0/crtbegin.o
 .rela.rodata.dotab_fat
                0x80f00194        0x0 c:/devkitpro/devkitppc/bin/../lib/gcc/powerpc-eabi/6.3.0/crtbegin.o
 .rela.rodata.__C_locale
                0x80f00194        0x0 c:/devkitpro/devkitppc/bin/../lib/gcc/powerpc-eabi/6.3.0/crtbegin.o

.rel.data
 *(.rel.data .rel.data.* .rel.gnu.linkonce.d.*)

.rela.data      0x80f00194        0x0
 *(.rela.data .rela.data.* .rela.gnu.linkonce.d.*)
 .rela.data.__global_locale
                0x80f00194        0x0 c:/devkitpro/devkitppc/bin/../lib/gcc/powerpc-eabi/6.3.0/crtbegin.o

.rel.tdata
 *(.rel.tdata .rel.tdata.* .rel.gnu.linkonce.td.*)

.rela.tdata
 *(.rela.tdata .rela.tdata.* .rela.gnu.linkonce.td.*)

.rel.tbss
 *(.rel.tbss .rel.tbss.* .rel.gnu.linkonce.tb.*)

.rela.tbss
 *(.rela.tbss .rela.tbss.* .rela.gnu.linkonce.tb.*)

.rel.ctors
 *(.rel.ctors)

.rela.ctors
 *(.rela.ctors)

.rel.dtors
 *(.rel.dtors)

.rela.dtors
 *(.rela.dtors)

.rel.got
 *(.rel.got)

.rela.got
 *(.rela.got)

.rela.got1
 *(.rela.got1)

.rela.got2      0x80f00194        0x0
 *(.rela.got2)
 .rela.got2     0x80f00194        0x0 c:/devkitpro/devkitppc/bin/../lib/gcc/powerpc-eabi/6.3.0/crtbegin.o

.rel.sdata
 *(.rel.sdata .rel.sdata.* .rel.gnu.linkonce.s.*)

.rela.sdata
 *(.rela.sdata .rela.sdata.* .rela.gnu.linkonce.s.*)

.rel.sbss
 *(.rel.sbss .rel.sbss.* .rel.gnu.linkonce.sb.*)

.rela.sbss
 *(.rela.sbss .rela.sbss.* .rel.gnu.linkonce.sb.*)

.rel.sdata2
 *(.rel.sdata2 .rel.sdata2.* .rel.gnu.linkonce.s2.*)

.rela.sdata2    0x80f00194        0x0
 *(.rela.sdata2 .rela.sdata2.* .rela.gnu.linkonce.s2.*)
 .rela.sdata2.__sys_inIPL
                0x80f00194        0x0 c:/devkitpro/devkitppc/bin/../lib/gcc/powerpc-eabi/6.3.0/crtbegin.o

.rel.sbss2
 *(.rel.sbss2 .rel.sbss2.* .rel.gnu.linkonce.sb2.*)

.rela.sbss2
 *(.rela.sbss2 .rela.sbss2.* .rela.gnu.linkonce.sb2.*)

.rel.bss
 *(.rel.bss .rel.bss.* .rel.gnu.linkonce.b.*)

.rela.bss
 *(.rela.bss .rela.bss.* .rela.gnu.linkonce.b.*)

.rel.plt
 *(.rel.plt)

.rela.plt
 *(.rela.plt)

.text           0x80f001a0    0x459a0
 *(.text)
 .text          0x80f001a0      0x63c c:/devkitPro/libogc/lib/cube\libz.a(crc32.o)
                0x80f003cc                get_crc_table
                0x80f003d8                crc32
                0x80f007d4                crc32_combine
                0x80f007d8                crc32_combine64
 .text          0x80f007dc     0x2a78 c:/devkitPro/libogc/lib/cube\libz.a(inflate.o)
                0x80f009cc                inflateReset
                0x80f00a54                inflateReset2
                0x80f00bbc                inflateInit2_
                0x80f00d00                inflateInit_
                0x80f00e44                inflatePrime
                0x80f00ebc                inflate
                0x80f02ba0                inflateEnd
                0x80f02c24                inflateSetDictionary
                0x80f02d4c                inflateGetHeader
                0x80f02d84                inflateSync
                0x80f02fd4                inflateSyncPoint
                0x80f0300c                inflateCopy
                0x80f031cc                inflateUndermine
                0x80f031f4                inflateMark
 .text          0x80f03254      0x868 c:/devkitPro/libogc/lib/cube\libz.a(inftrees.o)
                0x80f03254                inflate_table
 .text          0x80f03abc       0x74 c:/devkitPro/libogc/lib/cube\libz.a(zutil.o)
                0x80f03abc                zlibVersion
                0x80f03ac8                zlibCompileFlags
                0x80f03ad0                zError
                0x80f03ae8                zcalloc
                0x80f03b0c                zcfree
 .text          0x80f03b30      0x564 c:/devkitPro/libogc/lib/cube\libz.a(adler32.o)
                0x80f03b30                adler32
                0x80f03ebc                adler32_combine
                0x80f03fa8                adler32_combine64
 .text          0x80f04094      0x99c c:/devkitPro/libogc/lib/cube\libz.a(inffast.o)
                0x80f04094                inflate_fast
 *fill*         0x80f04a30       0x10 00000000
 .text          0x80f04a40      0x44c c:/devkitPro/libogc/lib/cube\libogc.a(lwp_handler.o)
                0x80f04a40                _cpu_context_save_fp
                0x80f04b80                _cpu_context_restore_fp
                0x80f04cc0                _cpu_context_switch
                0x80f04da0                _cpu_context_save
                0x80f04e20                _cpu_context_restore
 .text          0x80f04e8c      0x4f4 c:/devkitPro/libogc/lib/cube\libogc.a(cache_asm.o)
                0x80f04e8c                DCFlashInvalidate
                0x80f04ea0                DCEnable
                0x80f04eb4                DCDisable
                0x80f04ec8                DCFreeze
                0x80f04edc                DCUnfreeze
                0x80f04ef0                DCTouchLoad
                0x80f04ef8                DCBlockZero
                0x80f04f00                DCBlockStore
                0x80f04f08                DCBlockFlush
                0x80f04f10                DCBlockInvalidate
                0x80f04f18                DCInvalidateRange
                0x80f04f48                DCFlushRange
                0x80f04f7c                DCStoreRange
                0x80f04fb0                DCFlushRangeNoSync
                0x80f04fe0                DCStoreRangeNoSync
                0x80f05010                DCZeroRange
                0x80f05040                DCTouchRange
                0x80f05070                ICInvalidateRange
                0x80f050a8                ICFlashInvalidate
                0x80f050bc                ICEnable
                0x80f050d0                ICDisable
                0x80f050e4                ICFreeze
                0x80f050f8                ICUnfreeze
                0x80f0510c                ICBlockInvalidate
                0x80f05114                ICSync
                0x80f0511c                L2Init
                0x80f05164                L2Enable
                0x80f05180                L2Disable
                0x80f05198                L2GlobalInvalidate
                0x80f051f0                __LCEnable
                0x80f052bc                LCDisable
                0x80f052e4                LCAllocOneTag
                0x80f052f8                LCAllocTags
                0x80f05338                LCLoadBlocks
                0x80f0535c                LCStoreBlocks
 .text          0x80f05380      0x434 c:/devkitPro/libogc/lib/cube\libogc.a(system_asm.o)
                0x80f05380                __realmode
                0x80f05398                __configBATS
                0x80f0546c                __InitFPRS
                0x80f05598                __InitPS
                0x80f055f4                __InitCache
                0x80f0564c                __InitSystem
                0x80f056c4                __flush_cache
                0x80f056f8                __reset
                0x80f05768                __InitBATS
                0x80f05784                SYS_SwitchFiber
 .text          0x80f057b4      0x1ac c:/devkitPro/libogc/lib/cube\libogc.a(irq_handler.o)
                0x80f057b4                irq_exceptionhandler
 .text          0x80f05960      0x118 c:/devkitPro/libogc/lib/cube\libogc.a(video_asm.o)
                0x80f05960                __VIClearFramebuffer
 .text          0x80f05a78      0x1ac c:/devkitPro/libogc/lib/cube\libogc.a(decrementer_handler.o)
                0x80f05a78                dec_exceptionhandler
 .text          0x80f05c24      0x35c c:/devkitPro/libogc/lib/cube\libogc.a(exception_handler.o)
                0x80f05c24                exceptionhandler_start
                0x80f05ca0                exceptionhandler_patch
                0x80f05cd4                exceptionhandler_end
                0x80f05cd8                default_exceptionhandler
                0x80f05e08                fpu_exceptionhandler
                0x80f05f50                systemcallhandler_start
                0x80f05f7c                systemcallhandler_end
 .text          0x80f05f80       0x48 c:/devkitpro/devkitppc/bin/../lib/gcc/powerpc-eabi/6.3.0\libgcc.a(eabi.o)
                0x80f05f80                __eabi
 .text          0x80f05fc8       0x58 c:/devkitpro/devkitppc/bin/../lib/gcc/powerpc-eabi/6.3.0\libgcc.a(crtresxgpr.o)
                0x80f05fc8                _restgpr_14_x
                0x80f05fcc                _restgpr_15_x
                0x80f05fd0                _restgpr_16_x
                0x80f05fd4                _restgpr_17_x
                0x80f05fd8                _restgpr_18_x
                0x80f05fdc                _restgpr_19_x
                0x80f05fe0                _restgpr_20_x
                0x80f05fe4                _restgpr_21_x
                0x80f05fe8                _restgpr_22_x
                0x80f05fec                _restgpr_23_x
                0x80f05ff0                _restgpr_24_x
                0x80f05ff4                _restgpr_25_x
                0x80f05ff8                _restgpr_26_x
                0x80f05ffc                _restgpr_27_x
                0x80f06000                _restgpr_28_x
                0x80f06004                _restgpr_29_x
                0x80f06008                _restgpr_30_x
                0x80f0600c                _restgpr_31_x
 .text          0x80f06020      0x180 c:/devkitpro/devkitppc/bin/../lib/gcc/powerpc-eabi/6.3.0/../../../../powerpc-eabi/lib\libc.a(lib_a-setjmp.o)
                0x80f06020                setjmp
                0x80f060dc                longjmp
 *(.text.*)
 .text.deregister_tm_clones
                0x80f061a0       0x38 c:/devkitpro/devkitppc/bin/../lib/gcc/powerpc-eabi/6.3.0/crtbegin.o
 .text.register_tm_clones
                0x80f061d8       0x3c c:/devkitpro/devkitppc/bin/../lib/gcc/powerpc-eabi/6.3.0/crtbegin.o
 .text.__do_global_dtors_aux
                0x80f06214       0xd4 c:/devkitpro/devkitppc/bin/../lib/gcc/powerpc-eabi/6.3.0/crtbegin.o
 .text.frame_dummy
                0x80f062e8       0x74 c:/devkitpro/devkitppc/bin/../lib/gcc/powerpc-eabi/6.3.0/crtbegin.o
 .text.__crtmain
                0x80f0635c       0x44 c:/devkitpro/devkitppc/bin/../lib/gcc/powerpc-eabi/6.3.0/../../../../powerpc-eabi/lib/crtmain.o
                0x80f06360                __crtmain
 .text.Initialise
                0x80f063a0       0xbc main.o
                0x80f063a0                Initialise
 .text.readparseconf
                0x80f0645c      0xbac main.o
                0x80f0645c                readparseconf
 .text.waitA    0x80f07008       0x7c main.o
                0x80f07008                waitA
 .text.startup.main
                0x80f07084      0xe1c main.o
                0x80f07084                main
 .text.ARAMStub
                0x80f07ea0       0xe0 sidestep.o
 .text.ARAMRunStub
                0x80f07f80       0xd8 sidestep.o
                0x80f07f80                ARAMRunStub
 .text.ARAMRun  0x80f08058       0xb4 sidestep.o
                0x80f08058                ARAMRun
 .text.DOLtoARAM
                0x80f0810c      0x468 sidestep.o
                0x80f0810c                DOLtoARAM
 .text.ARAMFetch
                0x80f08574       0x68 ssaram.o
                0x80f08574                ARAMFetch
 .text.ARAMPut  0x80f085dc      0x21c ssaram.o
                0x80f085dc                ARAMPut
 .text.pngu_read_data_from_buffer
                0x80f087f8       0x68 pngu.o
                0x80f087f8                pngu_read_data_from_buffer
 .text.pngu_free_info.part.0
                0x80f08860       0x80 pngu.o
 .text.PNGU_SelectImageFromDevice
                0x80f088e0       0xd0 pngu.o
                0x80f088e0                PNGU_SelectImageFromDevice
 .text.PNGU_ReleaseImageContext
                0x80f089b0       0x9c pngu.o
                0x80f089b0                PNGU_ReleaseImageContext
 .text.PNGU_RGB8_TO_YCbYCr
                0x80f08a4c      0x160 pngu.o
                0x80f08a4c                PNGU_RGB8_TO_YCbYCr
 .text.pngu_info
                0x80f08bac      0x544 pngu.o
                0x80f08bac                pngu_info
 .text.PNGU_GetImageProperties
                0x80f090f0       0xa0 pngu.o
                0x80f090f0                PNGU_GetImageProperties
 .text.pngu_decode
                0x80f09190      0x21c pngu.o
                0x80f09190                pngu_decode
 .text.PNGU_DecodeToYCbYCr
                0x80f093ac      0x14c pngu.o
                0x80f093ac                PNGU_DecodeToYCbYCr
 .text.png_get_io_ptr
                0x80f094f8       0x18 c:/Users/Adam/Source/Repos/gbiloader/lib\libpng.a(png.o)
                0x80f094f8                png_get_io_ptr
 .text.png_init_io
                0x80f09510       0x10 c:/Users/Adam/Source/Repos/gbiloader/lib\libpng.a(png.o)
                0x80f09510                png_init_io
 .text.png_handle_as_unknown
                0x80f09520       0xac c:/Users/Adam/Source/Repos/gbiloader/lib\libpng.a(png.o)
                0x80f09520                png_handle_as_unknown
 .text.png_sig_cmp
                0x80f095cc       0x8c c:/Users/Adam/Source/Repos/gbiloader/lib\libpng.a(png.o)
                0x80f095cc                png_sig_cmp
 .text.png_zfree
                0x80f09658       0x20 c:/Users/Adam/Source/Repos/gbiloader/lib\libpng.a(png.o)
                0x80f09658                png_zfree
 .text.png_free_data
                0x80f09678      0x548 c:/Users/Adam/Source/Repos/gbiloader/lib\libpng.a(png.o)
                0x80f09678                png_free_data
 .text.png_zalloc
                0x80f09bc0       0x80 c:/Users/Adam/Source/Repos/gbiloader/lib\libpng.a(png.o)
                0x80f09bc0                png_zalloc
 .text.png_info_init_3
                0x80f09c40       0x5c c:/Users/Adam/Source/Repos/gbiloader/lib\libpng.a(png.o)
                0x80f09c40                png_info_init_3
 .text.png_info_destroy
                0x80f09c9c       0x68 c:/Users/Adam/Source/Repos/gbiloader/lib\libpng.a(png.o)
                0x80f09c9c                png_info_destroy
 .text.png_create_info_struct
                0x80f09d04       0x58 c:/Users/Adam/Source/Repos/gbiloader/lib\libpng.a(png.o)
                0x80f09d04                png_create_info_struct
 .text.png_calculate_crc
                0x80f09d5c       0x70 c:/Users/Adam/Source/Repos/gbiloader/lib\libpng.a(png.o)
                0x80f09d5c                png_calculate_crc
 .text.png_reset_crc
                0x80f09dcc       0x3c c:/Users/Adam/Source/Repos/gbiloader/lib\libpng.a(png.o)
                0x80f09dcc                png_reset_crc
 .text.png_set_sig_bytes
                0x80f09e08       0x60 c:/Users/Adam/Source/Repos/gbiloader/lib\libpng.a(png.o)
                0x80f09e08                png_set_sig_bytes
 .text.png_set_error_fn
                0x80f09e68       0x18 c:/Users/Adam/Source/Repos/gbiloader/lib\libpng.a(pngerror.o)
                0x80f09e68                png_set_error_fn
 .text.png_format_buffer
                0x80f09e80      0x10c c:/Users/Adam/Source/Repos/gbiloader/lib\libpng.a(pngerror.o)
 .text.png_warning
                0x80f09f8c      0x11c c:/Users/Adam/Source/Repos/gbiloader/lib\libpng.a(pngerror.o)
                0x80f09f8c                png_warning
 .text.png_chunk_warning
                0x80f0a0a8       0x50 c:/Users/Adam/Source/Repos/gbiloader/lib\libpng.a(pngerror.o)
                0x80f0a0a8                png_chunk_warning
 .text.png_error
                0x80f0a0f8      0x1d8 c:/Users/Adam/Source/Repos/gbiloader/lib\libpng.a(pngerror.o)
                0x80f0a0f8                png_error
 .text.png_chunk_error
                0x80f0a2d0       0x50 c:/Users/Adam/Source/Repos/gbiloader/lib\libpng.a(pngerror.o)
                0x80f0a2d0                png_chunk_error
 .text.png_get_rowbytes
                0x80f0a320       0x20 c:/Users/Adam/Source/Repos/gbiloader/lib\libpng.a(pngget.o)
                0x80f0a320                png_get_rowbytes
 .text.png_get_bKGD
                0x80f0a340       0x3c c:/Users/Adam/Source/Repos/gbiloader/lib\libpng.a(pngget.o)
                0x80f0a340                png_get_bKGD
 .text.png_get_tRNS
                0x80f0a37c       0xa4 c:/Users/Adam/Source/Repos/gbiloader/lib\libpng.a(pngget.o)
                0x80f0a37c                png_get_tRNS
 .text.png_get_IHDR
                0x80f0a420      0x21c c:/Users/Adam/Source/Repos/gbiloader/lib\libpng.a(pngget.o)
                0x80f0a420                png_get_IHDR
 .text.png_set_mem_fn
                0x80f0a63c       0x18 c:/Users/Adam/Source/Repos/gbiloader/lib\libpng.a(pngmem.o)
                0x80f0a63c                png_set_mem_fn
 .text.png_memset_check
                0x80f0a654       0x2c c:/Users/Adam/Source/Repos/gbiloader/lib\libpng.a(pngmem.o)
                0x80f0a654                png_memset_check
 .text.png_memcpy_check
                0x80f0a680       0x2c c:/Users/Adam/Source/Repos/gbiloader/lib\libpng.a(pngmem.o)
                0x80f0a680                png_memcpy_check
 .text.png_free_default
                0x80f0a6ac       0x34 c:/Users/Adam/Source/Repos/gbiloader/lib\libpng.a(pngmem.o)
                0x80f0a6ac                png_free_default
 .text.png_free
                0x80f0a6e0       0x50 c:/Users/Adam/Source/Repos/gbiloader/lib\libpng.a(pngmem.o)
                0x80f0a6e0                png_free
 .text.png_destroy_struct_2
                0x80f0a730       0x58 c:/Users/Adam/Source/Repos/gbiloader/lib\libpng.a(pngmem.o)
                0x80f0a730                png_destroy_struct_2
 .text.png_destroy_struct
                0x80f0a788        0xc c:/Users/Adam/Source/Repos/gbiloader/lib\libpng.a(pngmem.o)
                0x80f0a788                png_destroy_struct
 .text.png_malloc_default
                0x80f0a794       0x48 c:/Users/Adam/Source/Repos/gbiloader/lib\libpng.a(pngmem.o)
                0x80f0a794                png_malloc_default
 .text.png_malloc
                0x80f0a7dc       0x90 c:/Users/Adam/Source/Repos/gbiloader/lib\libpng.a(pngmem.o)
                0x80f0a7dc                png_malloc
 .text.png_malloc_warn
                0x80f0a86c       0x54 c:/Users/Adam/Source/Repos/gbiloader/lib\libpng.a(pngmem.o)
                0x80f0a86c                png_malloc_warn
 .text.png_create_struct_2
                0x80f0a8c0       0x98 c:/Users/Adam/Source/Repos/gbiloader/lib\libpng.a(pngmem.o)
                0x80f0a8c0                png_create_struct_2
 .text.png_create_struct
                0x80f0a958        0xc c:/Users/Adam/Source/Repos/gbiloader/lib\libpng.a(pngmem.o)
                0x80f0a958                png_create_struct
 .text.png_read_destroy
                0x80f0a964      0x2d8 c:/Users/Adam/Source/Repos/gbiloader/lib\libpng.a(pngread.o)
                0x80f0a964                png_read_destroy
 .text.png_destroy_read_struct
                0x80f0ac3c      0x130 c:/Users/Adam/Source/Repos/gbiloader/lib\libpng.a(pngread.o)
                0x80f0ac3c                png_destroy_read_struct
 .text.png_read_row
                0x80f0ad6c      0x548 c:/Users/Adam/Source/Repos/gbiloader/lib\libpng.a(pngread.o)
                0x80f0ad6c                png_read_row
 .text.png_read_image
                0x80f0b2b4       0xc4 c:/Users/Adam/Source/Repos/gbiloader/lib\libpng.a(pngread.o)
                0x80f0b2b4                png_read_image
 .text.png_read_update_info
                0x80f0b378       0x64 c:/Users/Adam/Source/Repos/gbiloader/lib\libpng.a(pngread.o)
                0x80f0b378                png_read_update_info
 .text.png_read_info
                0x80f0b3dc      0x6a4 c:/Users/Adam/Source/Repos/gbiloader/lib\libpng.a(pngread.o)
                0x80f0b3dc                png_read_info
 .text.png_create_read_struct_2
                0x80f0ba80      0x334 c:/Users/Adam/Source/Repos/gbiloader/lib\libpng.a(pngread.o)
                0x80f0ba80                png_create_read_struct_2
 .text.png_create_read_struct
                0x80f0bdb4       0x10 c:/Users/Adam/Source/Repos/gbiloader/lib\libpng.a(pngread.o)
                0x80f0bdb4                png_create_read_struct
 .text.png_set_read_fn
                0x80f0bdc4       0x88 c:/Users/Adam/Source/Repos/gbiloader/lib\libpng.a(pngrio.o)
                0x80f0bdc4                png_set_read_fn
 .text.png_default_read_data
                0x80f0be4c       0x60 c:/Users/Adam/Source/Repos/gbiloader/lib\libpng.a(pngrio.o)
                0x80f0be4c                png_default_read_data
 .text.png_read_data
                0x80f0beac       0x4c c:/Users/Adam/Source/Repos/gbiloader/lib\libpng.a(pngrio.o)
                0x80f0beac                png_read_data
 .text.png_set_strip_16
                0x80f0bef8       0x18 c:/Users/Adam/Source/Repos/gbiloader/lib\libpng.a(pngrtran.o)
                0x80f0bef8                png_set_strip_16
 .text.png_set_strip_alpha
                0x80f0bf10       0x18 c:/Users/Adam/Source/Repos/gbiloader/lib\libpng.a(pngrtran.o)
                0x80f0bf10                png_set_strip_alpha
 .text.png_set_gray_to_rgb
                0x80f0bf28       0x1c c:/Users/Adam/Source/Repos/gbiloader/lib\libpng.a(pngrtran.o)
                0x80f0bf28                png_set_gray_to_rgb
 .text.png_read_transform_info
                0x80f0bf44      0x2dc c:/Users/Adam/Source/Repos/gbiloader/lib\libpng.a(pngrtran.o)
                0x80f0bf44                png_read_transform_info
 .text.png_do_unpack
                0x80f0c220      0x170 c:/Users/Adam/Source/Repos/gbiloader/lib\libpng.a(pngrtran.o)
                0x80f0c220                png_do_unpack
 .text.png_do_unshift
                0x80f0c390      0x218 c:/Users/Adam/Source/Repos/gbiloader/lib\libpng.a(pngrtran.o)
                0x80f0c390                png_do_unshift
 .text.png_do_chop
                0x80f0c5a8       0x98 c:/Users/Adam/Source/Repos/gbiloader/lib\libpng.a(pngrtran.o)
                0x80f0c5a8                png_do_chop
 .text.png_do_read_swap_alpha
                0x80f0c640      0x130 c:/Users/Adam/Source/Repos/gbiloader/lib\libpng.a(pngrtran.o)
                0x80f0c640                png_do_read_swap_alpha
 .text.png_do_read_invert_alpha
                0x80f0c770       0xf8 c:/Users/Adam/Source/Repos/gbiloader/lib\libpng.a(pngrtran.o)
                0x80f0c770                png_do_read_invert_alpha
 .text.png_do_read_filler
                0x80f0c868      0x330 c:/Users/Adam/Source/Repos/gbiloader/lib\libpng.a(pngrtran.o)
                0x80f0c868                png_do_read_filler
 .text.png_do_gray_to_rgb
                0x80f0cb98      0x1f0 c:/Users/Adam/Source/Repos/gbiloader/lib\libpng.a(pngrtran.o)
                0x80f0cb98                png_do_gray_to_rgb
 .text.png_do_rgb_to_gray
                0x80f0cd88      0x6b0 c:/Users/Adam/Source/Repos/gbiloader/lib\libpng.a(pngrtran.o)
                0x80f0cd88                png_do_rgb_to_gray
 .text.png_do_gamma
                0x80f0d438      0x490 c:/Users/Adam/Source/Repos/gbiloader/lib\libpng.a(pngrtran.o)
                0x80f0d438                png_do_gamma
 .text.png_do_expand_palette
                0x80f0d8c8      0x2c8 c:/Users/Adam/Source/Repos/gbiloader/lib\libpng.a(pngrtran.o)
                0x80f0d8c8                png_do_expand_palette
 .text.png_do_expand
                0x80f0db90      0x54c c:/Users/Adam/Source/Repos/gbiloader/lib\libpng.a(pngrtran.o)
                0x80f0db90                png_do_expand
 .text.png_do_dither
                0x80f0e0dc      0x150 c:/Users/Adam/Source/Repos/gbiloader/lib\libpng.a(pngrtran.o)
                0x80f0e0dc                png_do_dither
 .text.png_do_read_intrapixel
                0x80f0e22c       0xf8 c:/Users/Adam/Source/Repos/gbiloader/lib\libpng.a(pngrtran.o)
                0x80f0e22c                png_do_read_intrapixel
 .text.png_build_gamma_table
                0x80f0e324      0x928 c:/Users/Adam/Source/Repos/gbiloader/lib\libpng.a(pngrtran.o)
                0x80f0e324                png_build_gamma_table
 .text.png_init_read_transformations
                0x80f0ec4c      0xc64 c:/Users/Adam/Source/Repos/gbiloader/lib\libpng.a(pngrtran.o)
                0x80f0ec4c                png_init_read_transformations
 .text.png_do_background
                0x80f0f8b0     0x11cc c:/Users/Adam/Source/Repos/gbiloader/lib\libpng.a(pngrtran.o)
                0x80f0f8b0                png_do_background
 .text.png_do_read_transformations
                0x80f10a7c      0x518 c:/Users/Adam/Source/Repos/gbiloader/lib\libpng.a(pngrtran.o)
                0x80f10a7c                png_do_read_transformations
 .text.png_get_uint_32
                0x80f10f94       0x2c c:/Users/Adam/Source/Repos/gbiloader/lib\libpng.a(pngrutil.o)
                0x80f10f94                png_get_uint_32
 .text.png_get_int_32
                0x80f10fc0       0x2c c:/Users/Adam/Source/Repos/gbiloader/lib\libpng.a(pngrutil.o)
                0x80f10fc0                png_get_int_32
 .text.png_get_uint_16
                0x80f10fec       0x1c c:/Users/Adam/Source/Repos/gbiloader/lib\libpng.a(pngrutil.o)
                0x80f10fec                png_get_uint_16
 .text.png_get_uint_31
                0x80f11008       0x70 c:/Users/Adam/Source/Repos/gbiloader/lib\libpng.a(pngrutil.o)
                0x80f11008                png_get_uint_31
 .text.png_read_start_row
                0x80f11078      0x3b0 c:/Users/Adam/Source/Repos/gbiloader/lib\libpng.a(pngrutil.o)
                0x80f11078                png_read_start_row
 .text.png_crc_error
                0x80f11428       0xb4 c:/Users/Adam/Source/Repos/gbiloader/lib\libpng.a(pngrutil.o)
                0x80f11428                png_crc_error
 .text.png_read_filter_row
                0x80f114dc      0x2d0 c:/Users/Adam/Source/Repos/gbiloader/lib\libpng.a(pngrutil.o)
                0x80f114dc                png_read_filter_row
 .text.png_do_read_interlace
                0x80f117ac      0x48c c:/Users/Adam/Source/Repos/gbiloader/lib\libpng.a(pngrutil.o)
                0x80f117ac                png_do_read_interlace
 .text.png_combine_row
                0x80f11c38      0x414 c:/Users/Adam/Source/Repos/gbiloader/lib\libpng.a(pngrutil.o)
                0x80f11c38                png_combine_row
 .text.png_check_chunk_name
                0x80f1204c       0xbc c:/Users/Adam/Source/Repos/gbiloader/lib\libpng.a(pngrutil.o)
                0x80f1204c                png_check_chunk_name
 .text.png_decompress_chunk
                0x80f12108      0x480 c:/Users/Adam/Source/Repos/gbiloader/lib\libpng.a(pngrutil.o)
                0x80f12108                png_decompress_chunk
 .text.png_crc_read
                0x80f12588       0x58 c:/Users/Adam/Source/Repos/gbiloader/lib\libpng.a(pngrutil.o)
                0x80f12588                png_crc_read
 .text.png_crc_finish
                0x80f125e0      0x120 c:/Users/Adam/Source/Repos/gbiloader/lib\libpng.a(pngrutil.o)
                0x80f125e0                png_crc_finish
 .text.png_read_finish_row
                0x80f12700      0x3b8 c:/Users/Adam/Source/Repos/gbiloader/lib\libpng.a(pngrutil.o)
                0x80f12700                png_read_finish_row
 .text.png_handle_unknown
                0x80f12ab8      0x1f0 c:/Users/Adam/Source/Repos/gbiloader/lib\libpng.a(pngrutil.o)
                0x80f12ab8                png_handle_unknown
 .text.png_handle_zTXt
                0x80f12ca8      0x278 c:/Users/Adam/Source/Repos/gbiloader/lib\libpng.a(pngrutil.o)
                0x80f12ca8                png_handle_zTXt
 .text.png_handle_tEXt
                0x80f12f20      0x1d4 c:/Users/Adam/Source/Repos/gbiloader/lib\libpng.a(pngrutil.o)
                0x80f12f20                png_handle_tEXt
 .text.png_handle_tIME
                0x80f130f4      0x174 c:/Users/Adam/Source/Repos/gbiloader/lib\libpng.a(pngrutil.o)
                0x80f130f4                png_handle_tIME
 .text.png_handle_sCAL
                0x80f13268      0x2d8 c:/Users/Adam/Source/Repos/gbiloader/lib\libpng.a(pngrutil.o)
                0x80f13268                png_handle_sCAL
 .text.png_handle_pCAL
                0x80f13540      0x3b8 c:/Users/Adam/Source/Repos/gbiloader/lib\libpng.a(pngrutil.o)
                0x80f13540                png_handle_pCAL
 .text.png_handle_oFFs
                0x80f138f8      0x160 c:/Users/Adam/Source/Repos/gbiloader/lib\libpng.a(pngrutil.o)
                0x80f138f8                png_handle_oFFs
 .text.png_handle_pHYs
                0x80f13a58      0x160 c:/Users/Adam/Source/Repos/gbiloader/lib\libpng.a(pngrutil.o)
                0x80f13a58                png_handle_pHYs
 .text.png_handle_hIST
                0x80f13bb8      0x1d0 c:/Users/Adam/Source/Repos/gbiloader/lib\libpng.a(pngrutil.o)
                0x80f13bb8                png_handle_hIST
 .text.png_handle_bKGD
                0x80f13d88      0x254 c:/Users/Adam/Source/Repos/gbiloader/lib\libpng.a(pngrutil.o)
                0x80f13d88                png_handle_bKGD
 .text.png_handle_tRNS
                0x80f13fdc      0x268 c:/Users/Adam/Source/Repos/gbiloader/lib\libpng.a(pngrutil.o)
                0x80f13fdc                png_handle_tRNS
 .text.png_handle_sPLT
                0x80f14244      0x474 c:/Users/Adam/Source/Repos/gbiloader/lib\libpng.a(pngrutil.o)
                0x80f14244                png_handle_sPLT
 .text.png_handle_iCCP
                0x80f146b8      0x2e4 c:/Users/Adam/Source/Repos/gbiloader/lib\libpng.a(pngrutil.o)
                0x80f146b8                png_handle_iCCP
 .text.png_handle_sRGB
                0x80f1499c      0x258 c:/Users/Adam/Source/Repos/gbiloader/lib\libpng.a(pngrutil.o)
                0x80f1499c                png_handle_sRGB
 .text.png_handle_cHRM
                0x80f14bf4      0x540 c:/Users/Adam/Source/Repos/gbiloader/lib\libpng.a(pngrutil.o)
                0x80f14bf4                png_handle_cHRM
 .text.png_handle_sBIT
                0x80f15134      0x1a8 c:/Users/Adam/Source/Repos/gbiloader/lib\libpng.a(pngrutil.o)
                0x80f15134                png_handle_sBIT
 .text.png_handle_gAMA
                0x80f152dc      0x204 c:/Users/Adam/Source/Repos/gbiloader/lib\libpng.a(pngrutil.o)
                0x80f152dc                png_handle_gAMA
 .text.png_handle_IEND
                0x80f154e0       0x7c c:/Users/Adam/Source/Repos/gbiloader/lib\libpng.a(pngrutil.o)
                0x80f154e0                png_handle_IEND
 .text.png_handle_PLTE
                0x80f1555c      0x264 c:/Users/Adam/Source/Repos/gbiloader/lib\libpng.a(pngrutil.o)
                0x80f1555c                png_handle_PLTE
 .text.png_handle_IHDR
                0x80f157c0      0x1d8 c:/Users/Adam/Source/Repos/gbiloader/lib\libpng.a(pngrutil.o)
                0x80f157c0                png_handle_IHDR
 .text.png_set_oFFs
                0x80f15998       0x2c c:/Users/Adam/Source/Repos/gbiloader/lib\libpng.a(pngset.o)
                0x80f15998                png_set_oFFs
 .text.png_set_sCAL
                0x80f159c4       0x2c c:/Users/Adam/Source/Repos/gbiloader/lib\libpng.a(pngset.o)
                0x80f159c4                png_set_sCAL
 .text.png_set_pHYs
                0x80f159f0       0x2c c:/Users/Adam/Source/Repos/gbiloader/lib\libpng.a(pngset.o)
                0x80f159f0                png_set_pHYs
 .text.png_set_sRGB
                0x80f15a1c       0x24 c:/Users/Adam/Source/Repos/gbiloader/lib\libpng.a(pngset.o)
                0x80f15a1c                png_set_sRGB
 .text.png_set_tIME
                0x80f15a40       0x3c c:/Users/Adam/Source/Repos/gbiloader/lib\libpng.a(pngset.o)
                0x80f15a40                png_set_tIME
 .text.png_set_sBIT
                0x80f15a7c       0x30 c:/Users/Adam/Source/Repos/gbiloader/lib\libpng.a(pngset.o)
                0x80f15a7c                png_set_sBIT
 .text.png_set_bKGD
                0x80f15aac       0x3c c:/Users/Adam/Source/Repos/gbiloader/lib\libpng.a(pngset.o)
                0x80f15aac                png_set_bKGD
 .text.png_set_unknown_chunks
                0x80f15ae8      0x1f0 c:/Users/Adam/Source/Repos/gbiloader/lib\libpng.a(pngset.o)
                0x80f15ae8                png_set_unknown_chunks
 .text.png_set_tRNS
                0x80f15cd8      0x178 c:/Users/Adam/Source/Repos/gbiloader/lib\libpng.a(pngset.o)
                0x80f15cd8                png_set_tRNS
 .text.png_set_hIST
                0x80f15e50      0x114 c:/Users/Adam/Source/Repos/gbiloader/lib\libpng.a(pngset.o)
                0x80f15e50                png_set_hIST
 .text.png_set_gAMA_fixed
                0x80f15f64       0xcc c:/Users/Adam/Source/Repos/gbiloader/lib\libpng.a(pngset.o)
                0x80f15f64                png_set_gAMA_fixed
 .text.png_set_gAMA
                0x80f16030       0xf0 c:/Users/Adam/Source/Repos/gbiloader/lib\libpng.a(pngset.o)
                0x80f16030                png_set_gAMA
 .text.png_set_cHRM_fixed
                0x80f16120      0x230 c:/Users/Adam/Source/Repos/gbiloader/lib\libpng.a(pngset.o)
                0x80f16120                png_set_cHRM_fixed
 .text.png_set_cHRM
                0x80f16350      0x2a8 c:/Users/Adam/Source/Repos/gbiloader/lib\libpng.a(pngset.o)
                0x80f16350                png_set_cHRM
 .text.png_set_sRGB_gAMA_and_cHRM
                0x80f165f8      0x110 c:/Users/Adam/Source/Repos/gbiloader/lib\libpng.a(pngset.o)
                0x80f165f8                png_set_sRGB_gAMA_and_cHRM
 .text.png_set_sPLT
                0x80f16708      0x238 c:/Users/Adam/Source/Repos/gbiloader/lib\libpng.a(pngset.o)
                0x80f16708                png_set_sPLT
 .text.png_set_text_2
                0x80f16940      0x288 c:/Users/Adam/Source/Repos/gbiloader/lib\libpng.a(pngset.o)
                0x80f16940                png_set_text_2
 .text.png_set_iCCP
                0x80f16bc8      0x178 c:/Users/Adam/Source/Repos/gbiloader/lib\libpng.a(pngset.o)
                0x80f16bc8                png_set_iCCP
 .text.png_set_pCAL
                0x80f16d40      0x29c c:/Users/Adam/Source/Repos/gbiloader/lib\libpng.a(pngset.o)
                0x80f16d40                png_set_pCAL
 .text.png_set_IHDR
                0x80f16fdc      0x3c0 c:/Users/Adam/Source/Repos/gbiloader/lib\libpng.a(pngset.o)
                0x80f16fdc                png_set_IHDR
 .text.png_set_PLTE
                0x80f1739c      0x110 c:/Users/Adam/Source/Repos/gbiloader/lib\libpng.a(pngset.o)
                0x80f1739c                png_set_PLTE
 .text.png_set_packing
                0x80f174ac       0x2c c:/Users/Adam/Source/Repos/gbiloader/lib\libpng.a(pngtrans.o)
                0x80f174ac                png_set_packing
 .text.png_set_interlace_handling
                0x80f174d8       0x38 c:/Users/Adam/Source/Repos/gbiloader/lib\libpng.a(pngtrans.o)
                0x80f174d8                png_set_interlace_handling
 .text.png_do_invert
                0x80f17510       0xc0 c:/Users/Adam/Source/Repos/gbiloader/lib\libpng.a(pngtrans.o)
                0x80f17510                png_do_invert
 .text.png_do_swap
                0x80f175d0       0x3c c:/Users/Adam/Source/Repos/gbiloader/lib\libpng.a(pngtrans.o)
                0x80f175d0                png_do_swap
 .text.png_do_packswap
                0x80f1760c       0x8c c:/Users/Adam/Source/Repos/gbiloader/lib\libpng.a(pngtrans.o)
                0x80f1760c                png_do_packswap
 .text.png_do_strip_filler
                0x80f17698      0x31c c:/Users/Adam/Source/Repos/gbiloader/lib\libpng.a(pngtrans.o)
                0x80f17698                png_do_strip_filler
 .text.png_do_bgr
                0x80f179b4      0x104 c:/Users/Adam/Source/Repos/gbiloader/lib\libpng.a(pngtrans.o)
                0x80f179b4                png_do_bgr
 .text.__console_clear_line
                0x80f17ab8       0x84 c:/devkitPro/libogc/lib/cube\libogc.a(console.o)
 .text.__console_clear
                0x80f17b3c       0x54 c:/devkitPro/libogc/lib/cube\libogc.a(console.o)
 .text.__console_write
                0x80f17b90      0x714 c:/devkitPro/libogc/lib/cube\libogc.a(console.o)
                0x80f17b90                __console_write
 .text.__console_init
                0x80f182a4      0x10c c:/devkitPro/libogc/lib/cube\libogc.a(console.o)
                0x80f182a4                __console_init
 .text.CON_Init
                0x80f183b0        0x4 c:/devkitPro/libogc/lib/cube\libogc.a(console.o)
                0x80f183b0                CON_Init
 .text.CON_EnableGecko
                0x80f183b4       0xe8 c:/devkitPro/libogc/lib/cube\libogc.a(console.o)
                0x80f183b4                CON_EnableGecko
 .text.__lwp_isr_in_progress
                0x80f1849c        0x8 c:/devkitPro/libogc/lib/cube\libogc.a(lwp_threads.o)
                0x80f1849c                __lwp_isr_in_progress
 .text.__thread_dispatch_fp
                0x80f184a4       0x90 c:/devkitPro/libogc/lib/cube\libogc.a(lwp_threads.o)
                0x80f184a4                __thread_dispatch_fp
 .text.__thread_dispatch
                0x80f18534      0x11c c:/devkitPro/libogc/lib/cube\libogc.a(lwp_threads.o)
                0x80f18534                __thread_dispatch
 .text.__lwp_thread_resettimeslice
                0x80f18650       0xf0 c:/devkitPro/libogc/lib/cube\libogc.a(lwp_threads.o)
                0x80f18650                __lwp_thread_resettimeslice
 .text.__lwp_thread_tickle_timeslice
                0x80f18740       0xcc c:/devkitPro/libogc/lib/cube\libogc.a(lwp_threads.o)
                0x80f18740                __lwp_thread_tickle_timeslice
 .text.__lwp_thread_setstate
                0x80f1880c      0x158 c:/devkitPro/libogc/lib/cube\libogc.a(lwp_threads.o)
                0x80f1880c                __lwp_thread_setstate
 .text.__lwp_thread_clearstate
                0x80f18964       0xf0 c:/devkitPro/libogc/lib/cube\libogc.a(lwp_threads.o)
                0x80f18964                __lwp_thread_clearstate
 .text.__lwp_thread_delayended
                0x80f18a54       0x48 c:/devkitPro/libogc/lib/cube\libogc.a(lwp_threads.o)
                0x80f18a54                __lwp_thread_delayended
 .text.__lwp_thread_settransient
                0x80f18a9c       0xbc c:/devkitPro/libogc/lib/cube\libogc.a(lwp_threads.o)
                0x80f18a9c                __lwp_thread_settransient
 .text.__lwp_thread_changepriority
                0x80f18b58      0x1fc c:/devkitPro/libogc/lib/cube\libogc.a(lwp_threads.o)
                0x80f18b58                __lwp_thread_changepriority
 .text.__lwp_thread_ready
                0x80f18d54       0xf8 c:/devkitPro/libogc/lib/cube\libogc.a(lwp_threads.o)
                0x80f18d54                __lwp_thread_ready
 .text.__lwp_thread_init
                0x80f18e4c      0x16c c:/devkitPro/libogc/lib/cube\libogc.a(lwp_threads.o)
                0x80f18e4c                __lwp_thread_init
 .text.__lwp_thread_close
                0x80f18fb8      0x138 c:/devkitPro/libogc/lib/cube\libogc.a(lwp_threads.o)
                0x80f18fb8                __lwp_thread_close
 .text.__lwp_thread_closeall
                0x80f190f0       0xc0 c:/devkitPro/libogc/lib/cube\libogc.a(lwp_threads.o)
                0x80f190f0                __lwp_thread_closeall
 .text.__lwp_thread_exit
                0x80f191b0       0x5c c:/devkitPro/libogc/lib/cube\libogc.a(lwp_threads.o)
                0x80f191b0                __lwp_thread_exit
 .text.__lwp_thread_handler
                0x80f1920c       0x74 c:/devkitPro/libogc/lib/cube\libogc.a(lwp_threads.o)
 .text.__lwp_thread_start
                0x80f19280       0xcc c:/devkitPro/libogc/lib/cube\libogc.a(lwp_threads.o)
                0x80f19280                __lwp_thread_start
 .text.__lwp_thread_startmultitasking
                0x80f1934c       0xb0 c:/devkitPro/libogc/lib/cube\libogc.a(lwp_threads.o)
                0x80f1934c                __lwp_thread_startmultitasking
 .text.__lwp_thread_stopmultitasking
                0x80f193fc       0x58 c:/devkitPro/libogc/lib/cube\libogc.a(lwp_threads.o)
                0x80f193fc                __lwp_thread_stopmultitasking
 .text.__lwp_thread_coreinit
                0x80f19454       0xc0 c:/devkitPro/libogc/lib/cube\libogc.a(lwp_threads.o)
                0x80f19454                __lwp_thread_coreinit
 .text.__lwp_stack_allocate
                0x80f19514       0x84 c:/devkitPro/libogc/lib/cube\libogc.a(lwp_stack.o)
                0x80f19514                __lwp_stack_allocate
 .text.__lwp_stack_free
                0x80f19598       0x1c c:/devkitPro/libogc/lib/cube\libogc.a(lwp_stack.o)
                0x80f19598                __lwp_stack_free
 .text.__lwp_wd_settimer.isra.3
                0x80f195b4       0xd0 c:/devkitPro/libogc/lib/cube\libogc.a(lwp_watchdog.o)
 .text.__lwp_watchdog_init
                0x80f19684       0x2c c:/devkitPro/libogc/lib/cube\libogc.a(lwp_watchdog.o)
                0x80f19684                __lwp_watchdog_init
 .text.__lwp_wd_insert
                0x80f196b0      0x1e8 c:/devkitPro/libogc/lib/cube\libogc.a(lwp_watchdog.o)
                0x80f196b0                __lwp_wd_insert
 .text.__lwp_wd_remove
                0x80f19898      0x100 c:/devkitPro/libogc/lib/cube\libogc.a(lwp_watchdog.o)
                0x80f19898                __lwp_wd_remove
 .text.__lwp_wd_tickle
                0x80f19998      0x11c c:/devkitPro/libogc/lib/cube\libogc.a(lwp_watchdog.o)
                0x80f19998                __lwp_wd_tickle
 .text.__lwp_wkspace_init
                0x80f19ab4       0xc8 c:/devkitPro/libogc/lib/cube\libogc.a(lwp_wkspace.o)
                0x80f19ab4                __lwp_wkspace_init
 .text.__lwp_objmgr_initinfo
                0x80f19b7c      0x1a4 c:/devkitPro/libogc/lib/cube\libogc.a(lwp_objmgr.o)
                0x80f19b7c                __lwp_objmgr_initinfo
 .text.__lwp_objmgr_getisrdisable
                0x80f19d20       0x68 c:/devkitPro/libogc/lib/cube\libogc.a(lwp_objmgr.o)
                0x80f19d20                __lwp_objmgr_getisrdisable
 .text.__lwp_objmgr_getnoprotection
                0x80f19d88       0x24 c:/devkitPro/libogc/lib/cube\libogc.a(lwp_objmgr.o)
                0x80f19d88                __lwp_objmgr_getnoprotection
 .text.__lwp_objmgr_get
                0x80f19dac       0x70 c:/devkitPro/libogc/lib/cube\libogc.a(lwp_objmgr.o)
                0x80f19dac                __lwp_objmgr_get
 .text.__lwp_objmgr_allocate
                0x80f19e1c       0x78 c:/devkitPro/libogc/lib/cube\libogc.a(lwp_objmgr.o)
                0x80f19e1c                __lwp_objmgr_allocate
 .text.__lwp_objmgr_free
                0x80f19e94       0x60 c:/devkitPro/libogc/lib/cube\libogc.a(lwp_objmgr.o)
                0x80f19e94                __lwp_objmgr_free
 .text.__lwp_heap_init
                0x80f19ef4       0xa8 c:/devkitPro/libogc/lib/cube\libogc.a(lwp_heap.o)
                0x80f19ef4                __lwp_heap_init
 .text.__lwp_heap_allocate
                0x80f19f9c      0x180 c:/devkitPro/libogc/lib/cube\libogc.a(lwp_heap.o)
                0x80f19f9c                __lwp_heap_allocate
 .text.__lwp_heap_free
                0x80f1a11c      0x1a0 c:/devkitPro/libogc/lib/cube\libogc.a(lwp_heap.o)
                0x80f1a11c                __lwp_heap_free
 .text.__VIRetraceHandler
                0x80f1a2bc      0x228 c:/devkitPro/libogc/lib/cube\libogc.a(video.o)
 .text.VIDEO_Init
                0x80f1a4e4      0x3f8 c:/devkitPro/libogc/lib/cube\libogc.a(video.o)
                0x80f1a4e4                VIDEO_Init
 .text.VIDEO_Configure
                0x80f1a8dc      0x7d8 c:/devkitPro/libogc/lib/cube\libogc.a(video.o)
                0x80f1a8dc                VIDEO_Configure
 .text.VIDEO_WaitVSync
                0x80f1b0b4       0x7c c:/devkitPro/libogc/lib/cube\libogc.a(video.o)
                0x80f1b0b4                VIDEO_WaitVSync
 .text.VIDEO_SetFramebuffer
                0x80f1b130      0x228 c:/devkitPro/libogc/lib/cube\libogc.a(video.o)
                0x80f1b130                VIDEO_SetFramebuffer
 .text.VIDEO_SetNextFramebuffer
                0x80f1b358      0x1d4 c:/devkitPro/libogc/lib/cube\libogc.a(video.o)
                0x80f1b358                VIDEO_SetNextFramebuffer
 .text.VIDEO_Flush
                0x80f1b52c      0x110 c:/devkitPro/libogc/lib/cube\libogc.a(video.o)
                0x80f1b52c                VIDEO_Flush
 .text.VIDEO_SetBlack
                0x80f1b63c      0x160 c:/devkitPro/libogc/lib/cube\libogc.a(video.o)
                0x80f1b63c                VIDEO_SetBlack
 .text.VIDEO_GetCurrentTvMode
                0x80f1b79c       0x80 c:/devkitPro/libogc/lib/cube\libogc.a(video.o)
                0x80f1b79c                VIDEO_GetCurrentTvMode
 .text.VIDEO_GetPreferredMode
                0x80f1b81c       0x94 c:/devkitPro/libogc/lib/cube\libogc.a(video.o)
                0x80f1b81c                VIDEO_GetPreferredMode
 .text.VIDEO_GetCurrentLine
                0x80f1b8b0       0xa4 c:/devkitPro/libogc/lib/cube\libogc.a(video.o)
                0x80f1b8b0                VIDEO_GetCurrentLine
 .text.VIDEO_GetFrameBufferSize
                0x80f1b954       0x30 c:/devkitPro/libogc/lib/cube\libogc.a(video.o)
                0x80f1b954                VIDEO_GetFrameBufferSize
 .text.VIDEO_ClearFrameBuffer
                0x80f1b984       0x34 c:/devkitPro/libogc/lib/cube\libogc.a(video.o)
                0x80f1b984                VIDEO_ClearFrameBuffer
 .text.SPEC0_MakeStatus
                0x80f1b9b8      0x108 c:/devkitPro/libogc/lib/cube\libogc.a(pad.o)
 .text.SPEC1_MakeStatus
                0x80f1bac0      0x108 c:/devkitPro/libogc/lib/cube\libogc.a(pad.o)
 .text.SPEC2_MakeStatus
                0x80f1bbc8      0x1bc c:/devkitPro/libogc/lib/cube\libogc.a(pad.o)
 .text.__pad_samplinghandler
                0x80f1bd84        0x4 c:/devkitPro/libogc/lib/cube\libogc.a(pad.o)
 .text.__pad_doreset
                0x80f1bd88       0x50 c:/devkitPro/libogc/lib/cube\libogc.a(pad.o)
 .text.__pad_updateorigin
                0x80f1bdd8       0xa4 c:/devkitPro/libogc/lib/cube\libogc.a(pad.o)
 .text.__pad_disable
                0x80f1be7c       0xc4 c:/devkitPro/libogc/lib/cube\libogc.a(pad.o)
 .text.__pad_enable
                0x80f1bf40       0x5c c:/devkitPro/libogc/lib/cube\libogc.a(pad.o)
 .text.__pad_typeandstatuscallback
                0x80f1bf9c      0x158 c:/devkitPro/libogc/lib/cube\libogc.a(pad.o)
 .text.__pad_probecallback
                0x80f1c0f4       0x48 c:/devkitPro/libogc/lib/cube\libogc.a(pad.o)
 .text.__pad_origincallback
                0x80f1c13c       0x38 c:/devkitPro/libogc/lib/cube\libogc.a(pad.o)
 .text.__pad_originupdatecallback
                0x80f1c174       0x84 c:/devkitPro/libogc/lib/cube\libogc.a(pad.o)
 .text.__pad_receivecheckcallback
                0x80f1c1f8       0x88 c:/devkitPro/libogc/lib/cube\libogc.a(pad.o)
 .text.PAD_SetSpec.part.3
                0x80f1c280       0x54 c:/devkitPro/libogc/lib/cube\libogc.a(pad.o)
 .text.__pad_onreset
                0x80f1c2d4      0x100 c:/devkitPro/libogc/lib/cube\libogc.a(pad.o)
 .text.__PADDisableRecalibration
                0x80f1c3d4       0x60 c:/devkitPro/libogc/lib/cube\libogc.a(pad.o)
                0x80f1c3d4                __PADDisableRecalibration
 .text.PAD_Reset
                0x80f1c434      0x104 c:/devkitPro/libogc/lib/cube\libogc.a(pad.o)
                0x80f1c434                PAD_Reset
 .text.PAD_Read
                0x80f1c538      0x2e8 c:/devkitPro/libogc/lib/cube\libogc.a(pad.o)
                0x80f1c538                PAD_Read
 .text.PAD_Init
                0x80f1c820       0xd4 c:/devkitPro/libogc/lib/cube\libogc.a(pad.o)
                0x80f1c820                PAD_Init
 .text.PAD_ScanPads
                0x80f1c8f4      0x130 c:/devkitPro/libogc/lib/cube\libogc.a(pad.o)
                0x80f1c8f4                PAD_ScanPads
 .text.PAD_ButtonsDown
                0x80f1ca24       0x34 c:/devkitPro/libogc/lib/cube\libogc.a(pad.o)
                0x80f1ca24                PAD_ButtonsDown
 .text.PAD_ButtonsHeld
                0x80f1ca58       0x34 c:/devkitPro/libogc/lib/cube\libogc.a(pad.o)
                0x80f1ca58                PAD_ButtonsHeld
 .text.__reload
                0x80f1ca8c       0x14 c:/devkitPro/libogc/lib/cube\libogc.a(system.o)
                0x80f1ca8c                __reload
 .text.__call_resetfuncs
                0x80f1caa0       0xbc c:/devkitPro/libogc/lib/cube\libogc.a(system.o)
 .text.__MEMInterruptHandler
                0x80f1cb5c       0x14 c:/devkitPro/libogc/lib/cube\libogc.a(system.o)
 .text.__RSWHandler
                0x80f1cb70       0xcc c:/devkitPro/libogc/lib/cube\libogc.a(system.o)
 .text.__sram_write
                0x80f1cc3c      0x114 c:/devkitPro/libogc/lib/cube\libogc.a(system.o)
 .text.__unlocksram
                0x80f1cd50      0x150 c:/devkitPro/libogc/lib/cube\libogc.a(system.o)
 .text.__sram_writecallback
                0x80f1cea0       0x54 c:/devkitPro/libogc/lib/cube\libogc.a(system.o)
 .text.__mem_onreset
                0x80f1cef4       0x48 c:/devkitPro/libogc/lib/cube\libogc.a(system.o)
 .text.__sys_alarmhandler
                0x80f1cf3c       0xec c:/devkitPro/libogc/lib/cube\libogc.a(system.o)
 .text.__sram_read.constprop.10
                0x80f1d028      0x124 c:/devkitPro/libogc/lib/cube\libogc.a(system.o)
 .text.__RSWDefaultHandler
                0x80f1d14c        0x4 c:/devkitPro/libogc/lib/cube\libogc.a(system.o)
 .text.__SYS_LockSram
                0x80f1d150       0x60 c:/devkitPro/libogc/lib/cube\libogc.a(system.o)
                0x80f1d150                __SYS_LockSram
 .text.__SYS_UnlockSram
                0x80f1d1b0        0x8 c:/devkitPro/libogc/lib/cube\libogc.a(system.o)
                0x80f1d1b0                __SYS_UnlockSram
 .text.__SYS_PreInit
                0x80f1d1b8        0x4 c:/devkitPro/libogc/lib/cube\libogc.a(system.o)
                0x80f1d1b8                __SYS_PreInit
 .text.SYS_PreMain
                0x80f1d1bc        0x4 c:/devkitPro/libogc/lib/cube\libogc.a(system.o)
                0x80f1d1bc                SYS_PreMain
 .text.SYS_ResetButtonDown
                0x80f1d1c0       0x18 c:/devkitPro/libogc/lib/cube\libogc.a(system.o)
                0x80f1d1c0                SYS_ResetButtonDown
 .text.SYS_ResetSystem
                0x80f1d1d8      0x2f0 c:/devkitPro/libogc/lib/cube\libogc.a(system.o)
                0x80f1d1d8                SYS_ResetSystem
 .text.__libogc_exit
                0x80f1d4c8       0x34 c:/devkitPro/libogc/lib/cube\libogc.a(system.o)
                0x80f1d4c8                __libogc_exit
 .text.SYS_RegisterResetFunc
                0x80f1d4fc       0x80 c:/devkitPro/libogc/lib/cube\libogc.a(system.o)
                0x80f1d4fc                SYS_RegisterResetFunc
 .text.SYS_Init
                0x80f1d57c      0x6a8 c:/devkitPro/libogc/lib/cube\libogc.a(system.o)
                0x80f1d57c                SYS_Init
 .text.SYS_SetArena1Lo
                0x80f1dc24       0x3c c:/devkitPro/libogc/lib/cube\libogc.a(system.o)
                0x80f1dc24                SYS_SetArena1Lo
 .text.SYS_GetArena1Lo
                0x80f1dc60       0x3c c:/devkitPro/libogc/lib/cube\libogc.a(system.o)
                0x80f1dc60                SYS_GetArena1Lo
 .text.SYS_GetArena1Hi
                0x80f1dc9c       0x3c c:/devkitPro/libogc/lib/cube\libogc.a(system.o)
                0x80f1dc9c                SYS_GetArena1Hi
 .text.SYS_AllocateFramebuffer
                0x80f1dcd8       0x28 c:/devkitPro/libogc/lib/cube\libogc.a(system.o)
                0x80f1dcd8                SYS_AllocateFramebuffer
 .text.SYS_CreateAlarm
                0x80f1dd00      0x10c c:/devkitPro/libogc/lib/cube\libogc.a(system.o)
                0x80f1dd00                SYS_CreateAlarm
 .text.SYS_SetAlarm
                0x80f1de0c      0x1c0 c:/devkitPro/libogc/lib/cube\libogc.a(system.o)
                0x80f1de0c                SYS_SetAlarm
 .text.SYS_CancelAlarm
                0x80f1dfcc       0xc0 c:/devkitPro/libogc/lib/cube\libogc.a(system.o)
                0x80f1dfcc                SYS_CancelAlarm
 .text.SYS_SetWirelessID
                0x80f1e08c       0x90 c:/devkitPro/libogc/lib/cube\libogc.a(system.o)
                0x80f1e08c                SYS_SetWirelessID
 .text.SYS_GetWirelessID
                0x80f1e11c       0xa4 c:/devkitPro/libogc/lib/cube\libogc.a(system.o)
                0x80f1e11c                SYS_GetWirelessID
 .text.__lwp_cond_init
                0x80f1e1c0       0x14 c:/devkitPro/libogc/lib/cube\libogc.a(cond.o)
                0x80f1e1c0                __lwp_cond_init
 .text.__GX_WaitAbort
                0x80f1e1d4       0xa0 c:/devkitPro/libogc/lib/cube\libogc.a(gx.o)
 .text.GX_AbortFrame
                0x80f1e274      0x1e4 c:/devkitPro/libogc/lib/cube\libogc.a(gx.o)
                0x80f1e274                GX_AbortFrame
 .text.__decrementer_init
                0x80f1e458        0x4 c:/devkitPro/libogc/lib/cube\libogc.a(decrementer.o)
                0x80f1e458                __decrementer_init
 .text.c_decrementer_handler
                0x80f1e45c        0xc c:/devkitPro/libogc/lib/cube\libogc.a(decrementer.o)
                0x80f1e45c                c_decrementer_handler
 .text.__lwp_mqbox_init
                0x80f1e468       0x14 c:/devkitPro/libogc/lib/cube\libogc.a(message.o)
                0x80f1e468                __lwp_mqbox_init
 .text.__card_iscard.part.0
                0x80f1e47c       0x68 c:/devkitPro/libogc/lib/cube\libogc.a(card.o)
 .text.CARD_Probe
                0x80f1e4e4        0x4 c:/devkitPro/libogc/lib/cube\libogc.a(card.o)
                0x80f1e4e4                CARD_Probe
 .text.CARD_ProbeEx
                0x80f1e4e8      0x1dc c:/devkitPro/libogc/lib/cube\libogc.a(card.o)
                0x80f1e4e8                CARD_ProbeEx
 .text.__ARWriteDMA
                0x80f1e6c4       0xb0 c:/devkitPro/libogc/lib/cube\libogc.a(aram.o)
 .text.__ARHandler
                0x80f1e774       0x2c c:/devkitPro/libogc/lib/cube\libogc.a(aram.o)
 .text.__ARReadDMA.constprop.0
                0x80f1e7a0       0xb8 c:/devkitPro/libogc/lib/cube\libogc.a(aram.o)
 .text.AR_GetDMAStatus
                0x80f1e858       0x48 c:/devkitPro/libogc/lib/cube\libogc.a(aram.o)
                0x80f1e858                AR_GetDMAStatus
 .text.AR_Init  0x80f1e8a0      0x3b0 c:/devkitPro/libogc/lib/cube\libogc.a(aram.o)
                0x80f1e8a0                AR_Init
 .text.AR_StartDMA
                0x80f1ec50       0xd8 c:/devkitPro/libogc/lib/cube\libogc.a(aram.o)
                0x80f1ec50                AR_StartDMA
 .text.AR_GetSize
                0x80f1ed28        0x8 c:/devkitPro/libogc/lib/cube\libogc.a(aram.o)
                0x80f1ed28                AR_GetSize
 .text.__si_transfer
                0x80f1ed30      0x1bc c:/devkitPro/libogc/lib/cube\libogc.a(si.o)
 .text.__si_alarmhandler
                0x80f1eeec       0xb4 c:/devkitPro/libogc/lib/cube\libogc.a(si.o)
 .text.__si_completetransfer
                0x80f1efa0      0x230 c:/devkitPro/libogc/lib/cube\libogc.a(si.o)
 .text.__si_transfernext
                0x80f1f1d0       0xe4 c:/devkitPro/libogc/lib/cube\libogc.a(si.o)
 .text.SI_Busy  0x80f1f2b4       0x18 c:/devkitPro/libogc/lib/cube\libogc.a(si.o)
                0x80f1f2b4                SI_Busy
 .text.SI_IsChanBusy
                0x80f1f2cc       0x38 c:/devkitPro/libogc/lib/cube\libogc.a(si.o)
                0x80f1f2cc                SI_IsChanBusy
 .text.SI_SetXY
                0x80f1f304       0x68 c:/devkitPro/libogc/lib/cube\libogc.a(si.o)
                0x80f1f304                SI_SetXY
 .text.SI_EnablePolling
                0x80f1f36c       0x7c c:/devkitPro/libogc/lib/cube\libogc.a(si.o)
                0x80f1f36c                SI_EnablePolling
 .text.SI_DisablePolling
                0x80f1f3e8       0x5c c:/devkitPro/libogc/lib/cube\libogc.a(si.o)
                0x80f1f3e8                SI_DisablePolling
 .text.SI_SetSamplingRate
                0x80f1f444       0xe8 c:/devkitPro/libogc/lib/cube\libogc.a(si.o)
                0x80f1f444                SI_SetSamplingRate
 .text.SI_RefreshSamplingRate
                0x80f1f52c        0x8 c:/devkitPro/libogc/lib/cube\libogc.a(si.o)
                0x80f1f52c                SI_RefreshSamplingRate
 .text.SI_GetStatus
                0x80f1f534       0x80 c:/devkitPro/libogc/lib/cube\libogc.a(si.o)
                0x80f1f534                SI_GetStatus
 .text.SI_GetResponseRaw
                0x80f1f5b4       0x98 c:/devkitPro/libogc/lib/cube\libogc.a(si.o)
                0x80f1f5b4                SI_GetResponseRaw
 .text.SI_GetResponse
                0x80f1f64c       0xbc c:/devkitPro/libogc/lib/cube\libogc.a(si.o)
                0x80f1f64c                SI_GetResponse
 .text.SI_SetCommand
                0x80f1f708       0x10 c:/devkitPro/libogc/lib/cube\libogc.a(si.o)
                0x80f1f708                SI_SetCommand
 .text.SI_Transfer
                0x80f1f718      0x26c c:/devkitPro/libogc/lib/cube\libogc.a(si.o)
                0x80f1f718                SI_Transfer
 .text.__si_gettypecallback
                0x80f1f984      0x2b8 c:/devkitPro/libogc/lib/cube\libogc.a(si.o)
 .text.__si_interrupthandler
                0x80f1fc3c      0x248 c:/devkitPro/libogc/lib/cube\libogc.a(si.o)
 .text.SI_GetType
                0x80f1fe84      0x1dc c:/devkitPro/libogc/lib/cube\libogc.a(si.o)
                0x80f1fe84                SI_GetType
 .text.SI_GetTypeAsync
                0x80f20060      0x140 c:/devkitPro/libogc/lib/cube\libogc.a(si.o)
                0x80f20060                SI_GetTypeAsync
 .text.SI_EnablePollingInterrupt
                0x80f201a0       0xb0 c:/devkitPro/libogc/lib/cube\libogc.a(si.o)
                0x80f201a0                SI_EnablePollingInterrupt
 .text.SI_UnregisterPollingHandler
                0x80f20250       0xec c:/devkitPro/libogc/lib/cube\libogc.a(si.o)
                0x80f20250                SI_UnregisterPollingHandler
 .text.__si_init
                0x80f2033c       0xf8 c:/devkitPro/libogc/lib/cube\libogc.a(si.o)
                0x80f2033c                __si_init
 .text.__time_exi_unlock
                0x80f20434       0x28 c:/devkitPro/libogc/lib/cube\libogc.a(timesupp.o)
 .text.__getrtc
                0x80f2045c      0x110 c:/devkitPro/libogc/lib/cube\libogc.a(timesupp.o)
 .text.gettick  0x80f2056c        0x8 c:/devkitPro/libogc/lib/cube\libogc.a(timesupp.o)
                0x80f2056c                gettick
 .text.gettime  0x80f20574       0x18 c:/devkitPro/libogc/lib/cube\libogc.a(timesupp.o)
                0x80f20574                gettime
 .text.diff_usec
                0x80f2058c       0x94 c:/devkitPro/libogc/lib/cube\libogc.a(timesupp.o)
                0x80f2058c                diff_usec
 .text.__timesystem_init
                0x80f20620       0x1c c:/devkitPro/libogc/lib/cube\libogc.a(timesupp.o)
                0x80f20620                __timesystem_init
 .text.udelay   0x80f2063c       0xb4 c:/devkitPro/libogc/lib/cube\libogc.a(timesupp.o)
                0x80f2063c                udelay
 .text.nanosleep
                0x80f206f0      0x13c c:/devkitPro/libogc/lib/cube\libogc.a(timesupp.o)
                0x80f206f0                nanosleep
 .text.time     0x80f2082c      0x108 c:/devkitPro/libogc/lib/cube\libogc.a(timesupp.o)
                0x80f2082c                time
 .text.usleep   0x80f20934       0x54 c:/devkitPro/libogc/lib/cube\libogc.a(timesupp.o)
                0x80f20934                usleep
 .text.__libogc_gettod_r
                0x80f20988       0x78 c:/devkitPro/libogc/lib/cube\libogc.a(timesupp.o)
                0x80f20988                __libogc_gettod_r
 .text.__libogc_lock_init